TAP version 13
# Subtest: exact source substring binding derives local IDs and maps provider spans to immutable source spans
ok 1 - exact source substring binding derives local IDs and maps provider spans to immutable source spans
  ---
  duration_ms: 13.854125
  type: 'test'
  ...
# Subtest: AI derivation chains require cited local claims and research requires an ingested external snapshot
ok 2 - AI derivation chains require cited local claims and research requires an ingested external snapshot
  ---
  duration_ms: 2.075708
  type: 'test'
  ...
# Subtest: AI interpretations require derivation ancestry that reaches cited source evidence
ok 3 - AI interpretations require derivation ancestry that reaches cited source evidence
  ---
  duration_ms: 0.900916
  type: 'test'
  ...
# Subtest: provider-relative spans cannot bisect UTF-16 surrogate pairs
ok 4 - provider-relative spans cannot bisect UTF-16 surrogate pairs
  ---
  duration_ms: 0.903166
  type: 'test'
  ...
# Subtest: authorization rejects a hash-recomputed cyclic AI derivation graph despite cited ancestry
ok 5 - authorization rejects a hash-recomputed cyclic AI derivation graph despite cited ancestry
  ---
  duration_ms: 1.6845
  type: 'test'
  ...
# Subtest: corrections create disputes, and claim-hash-bound actions preserve persistent AI labels
ok 6 - corrections create disputes, and claim-hash-bound actions preserve persistent AI labels
  ---
  duration_ms: 3.129917
  type: 'test'
  ...
# Subtest: forged provider IDs, fabricated citations, digest drift, and silent replacement fail closed or become selectively stale
ok 7 - forged provider IDs, fabricated citations, digest drift, and silent replacement fail closed or become selectively stale
  ---
  duration_ms: 2.057125
  type: 'test'
  ...
# Subtest: malformed input and untrusted text remain typed zero-write data
ok 8 - malformed input and untrusted text remain typed zero-write data
  ---
  duration_ms: 0.637917
  type: 'test'
  ...
# Subtest: exported provenance seams reject oversized, deep, cyclic, proxy, and accessor inputs without invoking getters
ok 9 - exported provenance seams reject oversized, deep, cyclic, proxy, and accessor inputs without invoking getters
  ---
  duration_ms: 0.731125
  type: 'test'
  ...
# Subtest: Given ordered internal modules, When the browser facade loads, Then it preserves the CommonJS contract
ok 10 - Given ordered internal modules, When the browser facade loads, Then it preserves the CommonJS contract
  ---
  duration_ms: 3.144042
  type: 'test'
  ...
# Subtest: browser claim validation hashes actual Korean evidence using the shared hash module without Node crypto
ok 11 - browser claim validation hashes actual Korean evidence using the shared hash module without Node crypto
  ---
  duration_ms: 4.733292
  type: 'test'
  ...
1..11
# tests 11
# suites 0
# pass 11
# fail 0
# cancelled 0
# skipped 0
# todo 0
# duration_ms 66.211708
