TAP version 13
# Subtest: on-disk A create → B approved supplement → existing verified reader and Wiki candidate reuse
ok 1 - on-disk A create → B approved supplement → existing verified reader and Wiki candidate reuse
  ---
  duration_ms: 54.114416
  type: 'test'
  ...
# Subtest: stale source refuses the approved update without overwriting current bytes
ok 2 - stale source refuses the approved update without overwriting current bytes
  ---
  duration_ms: 9.731708
  type: 'test'
  ...
# Subtest: stale target refuses the approved update without overwriting current bytes
ok 3 - stale target refuses the approved update without overwriting current bytes
  ---
  duration_ms: 8.361458
  type: 'test'
  ...
# Subtest: immutable authority failure resumes without duplicate write; subsequent user edit=false
ok 4 - immutable authority failure resumes without duplicate write; subsequent user edit=false
  ---
  duration_ms: 16.797167
  type: 'test'
  ...
# Subtest: immutable authority failure resumes without duplicate write; subsequent user edit=true
ok 5 - immutable authority failure resumes without duplicate write; subsequent user edit=true
  ---
  duration_ms: 17.767
  type: 'test'
  ...
# Subtest: prepared authority audit finalization failure resumes without rewriting Markdown
ok 6 - prepared authority audit finalization failure resumes without rewriting Markdown
  ---
  duration_ms: 32.628375
  type: 'test'
  ...
# Subtest: cloned approval authority cannot authorize changed claim/source bindings
ok 7 - cloned approval authority cannot authorize changed claim/source bindings
  ---
  duration_ms: 15.314292
  type: 'test'
  ...
# Subtest: recorded six-condition proposal reaches final canonical Markdown through official approval and reader
ok 8 - recorded six-condition proposal reaches final canonical Markdown through official approval and reader
  ---
  duration_ms: 10.910583
  type: 'test'
  ...
# Subtest: recorded unresolved conflict remains intact and is ineligible for canonical promotion
ok 9 - recorded unresolved conflict remains intact and is ineligible for canonical promotion
  ---
  duration_ms: 1.485791
  type: 'test'
  ...
# Subtest: immutable entry persisted before head update failure resumes the same approval without duplicate entry
ok 10 - immutable entry persisted before head update failure resumes the same approval without duplicate entry
  ---
  duration_ms: 18.461916
  type: 'test'
  ...
# Subtest: source changed during audit preparation is rechecked before any canonical write
ok 11 - source changed during audit preparation is rechecked before any canonical write
  ---
  duration_ms: 9.516709
  type: 'test'
  ...
# Subtest: pending immutable head repair cannot overwrite a later user edit or rewrite audit entries
ok 12 - pending immutable head repair cannot overwrite a later user edit or rewrite audit entries
  ---
  duration_ms: 12.096083
  type: 'test'
  ...
# Subtest: canonical create immutable authority failure must resume verified authority rather than return a false duplicate
not ok 13 - canonical create immutable authority failure must resume verified authority rather than return a false duplicate
  ---
  duration_ms: 4.014208
  type: 'test'
  location: '/Users/prodigykim/Library/Mobile Documents/iCloud~md~obsidian/Documents/Dusk/SYSTEM/AI/Skills/prodigy-review/tests/knowledge/test_llmwiki_update_integrity.js:177:1'
  failureType: 'testCodeFailure'
  error: |-
    {"first":{"ok":false,"status":"committed_authority_pending","write_counts":{"canonical":1,"audit":1,"derived":0,"provider":0,"network":0,"git":0},"approval_consumed":false,"source_deletes":0,"git_calls":0,"reason":"isolated_create_immutable_failure"},"retry":{"ok":true,"status":"duplicate","write_counts":{"canonical":0,"audit":0,"derived":0,"provider":0,"network":0,"git":0},"approval_consumed":false,"source_deletes":0,"git_calls":0,"target_path":"ZETA/PERMANENT/Fixture authority.md"},"reader_count":0}
    
    0 !== 1
    
  code: 'ERR_ASSERTION'
  name: 'AssertionError'
  expected: 1
  actual: 0
  operator: 'strictEqual'
  stack: |-
    TestContext.<anonymous> (/Users/prodigykim/Library/Mobile Documents/iCloud~md~obsidian/Documents/Dusk/SYSTEM/AI/Skills/prodigy-review/tests/knowledge/test_llmwiki_update_integrity.js:187:10)
    async Test.run (node:internal/test_runner/test:1389:7)
    async Test.processPendingSubtests (node:internal/test_runner/test:960:7)
  ...
# Subtest: canonical create rejects source change during prepared audit before writing Markdown
not ok 14 - canonical create rejects source change during prepared audit before writing Markdown
  ---
  duration_ms: 3.5005
  type: 'test'
  location: '/Users/prodigykim/Library/Mobile Documents/iCloud~md~obsidian/Documents/Dusk/SYSTEM/AI/Skills/prodigy-review/tests/knowledge/test_llmwiki_update_integrity.js:191:1'
  failureType: 'testCodeFailure'
  error: '{"ok":true,"status":"committed","write_counts":{"canonical":1,"audit":2,"derived":0,"provider":0,"network":0,"git":0},"approval_consumed":true,"source_deletes":0,"git_calls":0,"target_path":"ZETA/PERMANENT/Fixture authority.md","receipt":{"canonical_id":"knowledge_fixture_v2","packet_hash":"afabf77696a34ef0ab955691ffff545426b6a37591d2542985a8803a2153d706","authority_audit_hash":"8374ba1816bc77355f558a0e98bdb37c6b44a525465b9a31e214bdc066a467ab"}}'
  code: 'ERR_ASSERTION'
  name: 'AssertionError'
  expected: 'committed'
  actual: 'committed'
  operator: 'notStrictEqual'
  stack: |-
    TestContext.<anonymous> (/Users/prodigykim/Library/Mobile Documents/iCloud~md~obsidian/Documents/Dusk/SYSTEM/AI/Skills/prodigy-review/tests/knowledge/test_llmwiki_update_integrity.js:198:10)
    async Test.run (node:internal/test_runner/test:1389:7)
    async Test.processPendingSubtests (node:internal/test_runner/test:960:7)
  ...
1..14
# tests 14
# suites 0
# pass 12
# fail 2
# cancelled 0
# skipped 0
# todo 0
# duration_ms 287.450625
