✖ first canonical create append_throw returns pending and explicit retry repairs authority (17.618792ms)
✖ first canonical create first_head_create returns pending and explicit retry repairs authority (10.310167ms)
ℹ tests 2
ℹ suites 0
ℹ pass 0
ℹ fail 2
ℹ cancelled 0
ℹ skipped 0
ℹ todo 0
ℹ duration_ms 89.1865

✖ failing tests:

test at SYSTEM/AI/Skills/prodigy-review/tests/knowledge/test_llmwiki_update_integrity.js:217:59
✖ first canonical create append_throw returns pending and explicit retry repairs authority (17.618792ms)
  Error: isolated_first_append_throw
      at Object.appendImmutableAudit (/Users/prodigykim/Library/Mobile Documents/iCloud~md~obsidian/Documents/Dusk/SYSTEM/AI/Skills/prodigy-review/tests/knowledge/test_llmwiki_update_integrity.js:223:115)
      at persistAudit (/Users/prodigykim/Library/Mobile Documents/iCloud~md~obsidian/Documents/Dusk/SYSTEM/Views/llmwiki-compensation-service.js:155:39)
      at appendAndPersist (/Users/prodigykim/Library/Mobile Documents/iCloud~md~obsidian/Documents/Dusk/SYSTEM/Views/llmwiki-compensation-service.js:187:31)
      at async Object.commitApprovedCanonicalV2 (/Users/prodigykim/Library/Mobile Documents/iCloud~md~obsidian/Documents/Dusk/SYSTEM/Views/llmwiki-canonical-v2-authority.js:202:22)
      at async TestContext.<anonymous> (/Users/prodigykim/Library/Mobile Documents/iCloud~md~obsidian/Documents/Dusk/SYSTEM/AI/Skills/prodigy-review/tests/knowledge/test_llmwiki_update_integrity.js:225:15)
      at async Test.run (node:internal/test_runner/test:1389:7)
      at async startSubtestAfterBootstrap (node:internal/test_runner/harness:387:3)

test at SYSTEM/AI/Skills/prodigy-review/tests/knowledge/test_llmwiki_update_integrity.js:217:59
✖ first canonical create first_head_create returns pending and explicit retry repairs authority (10.310167ms)
  AssertionError [ERR_ASSERTION]: {"first":{"ok":false,"status":"committed_authority_pending","write_counts":{"canonical":1,"audit":1,"derived":0,"provider":0,"network":0,"git":0},"approval_consumed":false,"source_deletes":0,"git_calls":0,"reason":"immutable_audit_head_update_failed"},"retry":{"ok":false,"status":"committed_authority_pending","write_counts":{"canonical":0,"audit":0,"derived":0,"provider":0,"network":0,"git":0},"approval_consumed":false,"source_deletes":0,"git_calls":0,"reason":"immutable_audit_continuity_missing","target_path":"ZETA/PERMANENT/Fixture authority.md"}}
  
  0 !== 1
  
      at TestContext.<anonymous> (/Users/prodigykim/Library/Mobile Documents/iCloud~md~obsidian/Documents/Dusk/SYSTEM/AI/Skills/prodigy-review/tests/knowledge/test_llmwiki_update_integrity.js:229:71)
      at async Test.run (node:internal/test_runner/test:1389:7)
      at async Test.processPendingSubtests (node:internal/test_runner/test:960:7) {
    generatedMessage: false,
    code: 'ERR_ASSERTION',
    actual: 0,
    expected: 1,
    operator: 'strictEqual',
    diff: 'simple'
  }
