TAP version 13
# Subtest: existing create proposal and approval packet remain compatible without a typed operation
ok 1 - existing create proposal and approval packet remain compatible without a typed operation
  ---
  duration_ms: 3.702458
  type: 'test'
  ...
# Subtest: create, update, merge, and noop parse exhaustively into deeply frozen discriminated operations
ok 2 - create, update, merge, and noop parse exhaustively into deeply frozen discriminated operations
  ---
  duration_ms: 1.576166
  type: 'test'
  ...
# Subtest: destination ids, revisions, exact before/after bytes, citations, conflicts, risk, and effects are mandatory and kind-specific
ok 3 - destination ids, revisions, exact before/after bytes, citations, conflicts, risk, and effects are mandatory and kind-specific
  ---
  duration_ms: 0.626709
  type: 'test'
  ...
# Subtest: delete is unrepresentable and malformed or instruction-shaped fields cannot expand authority
ok 4 - delete is unrepresentable and malformed or instruction-shaped fields cannot expand authority
  ---
  duration_ms: 0.345667
  type: 'test'
  ...
# Subtest: merge covers every source and destination revision and rejects missing or extra coverage
ok 5 - merge covers every source and destination revision and rejects missing or extra coverage
  ---
  duration_ms: 0.305375
  type: 'test'
  ...
# Subtest: unresolved conflicts make operation and approval packet ineligible
ok 6 - unresolved conflicts make operation and approval packet ineligible
  ---
  duration_ms: 2.000459
  type: 'test'
  ...
# Subtest: raw plain, custom-prototype, polluted, accessor, and exotic-array objects reject without inspection
ok 7 - raw plain, custom-prototype, polluted, accessor, and exotic-array objects reject without inspection
  ---
  duration_ms: 0.123791
  type: 'test'
  ...
# Subtest: null-prototype nested records and maps are accepted and normalized to frozen prototype-safe maps
ok 8 - null-prototype nested records and maps are accepted and normalized to frozen prototype-safe maps
  ---
  duration_ms: 0.145042
  type: 'test'
  ...
# Subtest: prototype-mutating identifiers and revision-map keys reject at every identifier boundary
ok 9 - prototype-mutating identifiers and revision-map keys reject at every identifier boundary
  ---
  duration_ms: 0.463625
  type: 'test'
  ...
# Subtest: serialized boundary rejects raw objects and 24 mutating proxies without triggering any trap
ok 10 - serialized boundary rejects raw objects and 24 mutating proxies without triggering any trap
  ---
  duration_ms: 0.218291
  type: 'test'
  ...
# Subtest: serialized JSON accepts all kinds, rejects malformed and duplicate-key JSON, and brands reusable records
ok 11 - serialized JSON accepts all kinds, rejects malformed and duplicate-key JSON, and brands reusable records
  ---
  duration_ms: 0.3365
  type: 'test'
  ...
# Subtest: browser VM operation intake uses TextEncoder or deterministic UTF-8 fallback without Node runtime modules
ok 12 - browser VM operation intake uses TextEncoder or deterministic UTF-8 fallback without Node runtime modules
  ---
  duration_ms: 37.550291
  type: 'test'
  ...
# Subtest: serialized operation byte boundary rejects max plus one and multibyte overflow while accepting exact max
ok 13 - serialized operation byte boundary rejects max plus one and multibyte overflow while accepting exact max
  ---
  duration_ms: 15.2125
  type: 'test'
  ...
# Subtest: over-limit operation is rejected across proposal, approval, and canonical seams before any alternate JSON.parse
ok 14 - over-limit operation is rejected across proposal, approval, and canonical seams before any alternate JSON.parse
  ---
  duration_ms: 8.828625
  type: 'test'
  ...
# Subtest: canonical assembly and verification reject raw operation proxies/getters with zero side effects and no JSON round trips
ok 15 - canonical assembly and verification reject raw operation proxies/getters with zero side effects and no JSON round trips
  ---
  duration_ms: 18.536625
  type: 'test'
  ...
# Subtest: sub-megabyte excessive depth and collection counts reject with deterministic complexity failures
ok 16 - sub-megabyte excessive depth and collection counts reject with deterministic complexity failures
  ---
  duration_ms: 4.75275
  type: 'test'
  ...
# Subtest: proposal and approval seams accept serialized or branded operations but reject raw operation objects
ok 17 - proposal and approval seams accept serialized or branded operations but reject raw operation objects
  ---
  duration_ms: 1.692417
  type: 'test'
  ...
# Subtest: branded records can be evaluated repeatedly without losing identity or stale checks
ok 18 - branded records can be evaluated repeatedly without losing identity or stale checks
  ---
  duration_ms: 0.167709
  type: 'test'
  ...
# Subtest: deprecation and supersession effects bind canonical target revision and exact before bytes
ok 19 - deprecation and supersession effects bind canonical target revision and exact before bytes
  ---
  duration_ms: 0.469542
  type: 'test'
  ...
# Subtest: trusted current canonical revisions are required to report existing-target operations fresh and eligible
ok 20 - trusted current canonical revisions are required to report existing-target operations fresh and eligible
  ---
  duration_ms: 0.260291
  type: 'test'
  ...
# Subtest: typed operation and revision evaluation replay are deterministic and do not mutate caller input
ok 21 - typed operation and revision evaluation replay are deterministic and do not mutate caller input
  ---
  duration_ms: 0.169958
  type: 'test'
  ...
1..21
# tests 21
# suites 0
# pass 21
# fail 0
# cancelled 0
# skipped 0
# todo 0
# duration_ms 161.91875
