TAP version 13
# Subtest: identical text from two sources reaches review_ready with unique provider keys
ok 1 - identical text from two sources reaches review_ready with unique provider keys
  ---
  duration_ms: 30.912292
  type: 'test'
  ...
# Subtest: four small changed sources produce exactly one provider call
ok 2 - four small changed sources produce exactly one provider call
  ---
  duration_ms: 17.162125
  type: 'test'
  ...
# Subtest: exact rerun with same hashes and request key makes zero provider calls
ok 3 - exact rerun with same hashes and request key makes zero provider calls
  ---
  duration_ms: 12.855709
  type: 'test'
  ...
# Subtest: v1 cache intentionally misses once under v2 identity, then exact v2 replay is zero-call
ok 4 - v1 cache intentionally misses once under v2 identity, then exact v2 replay is zero-call
  ---
  duration_ms: 7.988584
  type: 'test'
  ...
# Subtest: semantic 65-unit rejection reaches no transport call
ok 5 - semantic 65-unit rejection reaches no transport call
  ---
  duration_ms: 1.846083
  type: 'test'
  ...
# Subtest: explicit retry reuses exact repeated chunks while preserving parent history
ok 6 - explicit retry reuses exact repeated chunks while preserving parent history
  ---
  duration_ms: 132.0955
  type: 'test'
  ...
# Subtest: model, schema, prompt-version, context, or source change causes an intentional miss
ok 7 - model, schema, prompt-version, context, or source change causes an intentional miss
  ---
  duration_ms: 10.492125
  type: 'test'
  ...
# Subtest: 100 KiB INBOX source uses one bounded exact-prefix routing chunk while retaining its full revision
ok 8 - 100 KiB INBOX source uses one bounded exact-prefix routing chunk while retaining its full revision
  ---
  duration_ms: 46.528209
  type: 'test'
  ...
# Subtest: analysis_text rejects non-prefix, oversized, and split-surrogate excerpts
ok 9 - analysis_text rejects non-prefix, oversized, and split-surrogate excerpts
  ---
  duration_ms: 0.245875
  type: 'test'
  ...
# Subtest: sources without analysis_text retain full-text analysis
ok 10 - sources without analysis_text retain full-text analysis
  ---
  duration_ms: 399.312
  type: 'test'
  ...
# Subtest: pack 3 failure preserves packs 1-2 through restart and makes no fourth call
ok 11 - pack 3 failure preserves packs 1-2 through restart and makes no fourth call
  ---
  duration_ms: 90.0885
  type: 'test'
  ...
# Subtest: candidate ranking is bounded at 8 and outbound projection at top 5 / 4 KiB
ok 12 - candidate ranking is bounded at 8 and outbound projection at top 5 / 4 KiB
  ---
  duration_ms: 1.243292
  type: 'test'
  ...
# Subtest: all-hits replay over a content-incomplete whole-source artifact misses once under the coverage-carrying identity and refuses review_ready with named keys
ok 13 - all-hits replay over a content-incomplete whole-source artifact misses once under the coverage-carrying identity and refuses review_ready with named keys
  ---
  duration_ms: 5.779208
  type: 'test'
  ...
# Subtest: exact all-hits replay is flagged replay_only when whole-source coverage is complete
ok 14 - exact all-hits replay is flagged replay_only when whole-source coverage is complete
  ---
  duration_ms: 1.523666
  type: 'test'
  ...
# Subtest: batchId remains deterministic under valid row reordering
ok 15 - batchId remains deterministic under valid row reordering
  ---
  duration_ms: 3.615875
  type: 'test'
  ...
# Subtest: all six states round-trip exactly
ok 16 - all six states round-trip exactly
  ---
  duration_ms: 3.121875
  type: 'test'
  ...
# Subtest: batch/run/pack ids are deterministic hashes of revisions plus request key
ok 17 - batch/run/pack ids are deterministic hashes of revisions plus request key
  ---
  duration_ms: 1.370167
  type: 'test'
  ...
# Subtest: batchId strictly validates every source row and fails closed with named errors
ok 18 - batchId strictly validates every source row and fails closed with named errors
  ---
  duration_ms: 0.442416
  type: 'test'
  ...
# Subtest: duplicate job/pack submissions are idempotent; conflicting hashes fail closed
ok 19 - duplicate job/pack submissions are idempotent; conflicting hashes fail closed
  ---
  duration_ms: 0.662708
  type: 'test'
  ...
# Subtest: settled synthetic job cleanup removes only its exact job plan and packs
ok 20 - settled synthetic job cleanup removes only its exact job plan and packs
  ---
  duration_ms: 0.915208
  type: 'test'
  ...
# Subtest: unstarted discovery job cleanup requires an exact source revision and no artifacts
ok 21 - unstarted discovery job cleanup requires an exact source revision and no artifacts
  ---
  duration_ms: 0.193334
  type: 'test'
  ...
# Subtest: corrupt state file is quarantined and never touches canonical paths
ok 22 - corrupt state file is quarantined and never touches canonical paths
  ---
  duration_ms: 0.123334
  type: 'test'
  ...
# Subtest: legacy completed proposals import without replaying provider or approval effects
ok 23 - legacy completed proposals import without replaying provider or approval effects
  ---
  duration_ms: 0.342542
  type: 'test'
  ...
# Subtest: old-schema receipts are historical and never hit new-schema lookups
ok 24 - old-schema receipts are historical and never hit new-schema lookups
  ---
  duration_ms: 1.322459
  type: 'test'
  ...
# Subtest: restart maps running-without-receipt jobs to outcome_unknown with zero provider calls and zero writes
ok 25 - restart maps running-without-receipt jobs to outcome_unknown with zero provider calls and zero writes
  ---
  duration_ms: 2.435041
  type: 'test'
  ...
# Subtest: failed persistence rolls memory back to the last durable state
ok 26 - failed persistence rolls memory back to the last durable state
  ---
  duration_ms: 0.255958
  type: 'test'
  ...
# Subtest: node storage persists atomically under gitignored SYSTEM/CACHE/llmwiki and survives reopen
ok 27 - node storage persists atomically under gitignored SYSTEM/CACHE/llmwiki and survives reopen
  ---
  duration_ms: 0.852625
  type: 'test'
  ...
# Subtest: plan snapshots list every source deterministically without exposing mutable state
ok 28 - plan snapshots list every source deterministically without exposing mutable state
  ---
  duration_ms: 7.520375
  type: 'test'
  ...
# Subtest: page-plan snapshot survives restart without provider replay
ok 29 - page-plan snapshot survives restart without provider replay
  ---
  duration_ms: 0.319292
  type: 'test'
  ...
# Subtest: page-plan snapshot preserves immutable history when inventory identity changes
ok 30 - page-plan snapshot preserves immutable history when inventory identity changes
  ---
  duration_ms: 0.378166
  type: 'test'
  ...
# Subtest: page-plan snapshot rejects stale source binding and non-monotonic revision
ok 31 - page-plan snapshot rejects stale source binding and non-monotonic revision
  ---
  duration_ms: 0.309
  type: 'test'
  ...
# Subtest: compact schema is strict, pack-atomic, and free of model authority fields
ok 32 - compact schema is strict, pack-atomic, and free of model authority fields
  ---
  duration_ms: 0.79875
  type: 'test'
  ...
# Subtest: semantic document extraction accepts multiple evidence items and preserves their local topics
ok 33 - semantic document extraction accepts multiple evidence items and preserves their local topics
  ---
  duration_ms: 2.435875
  type: 'test'
  ...
# Subtest: semantic mode requires every Todo 1 semantic key exactly once and keeps keyed holds as analysis data
ok 34 - semantic mode requires every Todo 1 semantic key exactly once and keeps keyed holds as analysis data
  ---
  duration_ms: 0.880375
  type: 'test'
  ...
# Subtest: semantic unit bound permits 64 items and rejects 65 before transport
ok 35 - semantic unit bound permits 64 items and rejects 65 before transport
  ---
  duration_ms: 10.537209
  type: 'test'
  ...
# Subtest: deterministic evidence keys recover the exact local quote even when model copy drifts
ok 36 - deterministic evidence keys recover the exact local quote even when model copy drifts
  ---
  duration_ms: 0.1975
  type: 'test'
  ...
# Subtest: happy path anchors one CJK+emoji quote uniquely and derives local span provenance
ok 37 - happy path anchors one CJK+emoji quote uniquely and derives local span provenance
  ---
  duration_ms: 0.546583
  type: 'test'
  ...
# Subtest: source routing mode sends path context but accepts exactly one lifecycle item per source
ok 38 - source routing mode sends path context but accepts exactly one lifecycle item per source
  ---
  duration_ms: 0.22125
  type: 'test'
  ...
# Subtest: source routing no-change is the only zero-item terminal result
ok 39 - source routing no-change is the only zero-item terminal result
  ---
  duration_ms: 0.104917
  type: 'test'
  ...
# Subtest: folded whitespace quote preserves the exact source slice and deterministic span alias
ok 40 - folded whitespace quote preserves the exact source slice and deterministic span alias
  ---
  duration_ms: 0.343125
  type: 'test'
  ...
# Subtest: folded whitespace duplicates remain non-unique and paraphrases remain not-found
ok 41 - folded whitespace duplicates remain non-unique and paraphrases remain not-found
  ---
  duration_ms: 0.182
  type: 'test'
  ...
# Subtest: pack is atomic: missing chunk result fails the whole pack with zero artifacts and one call
ok 42 - pack is atomic: missing chunk result fails the whole pack with zero artifacts and one call
  ---
  duration_ms: 0.126625
  type: 'test'
  ...
# Subtest: duplicate chunk key fails the pack atomically
ok 43 - duplicate chunk key fails the pack atomically
  ---
  duration_ms: 0.112666
  type: 'test'
  ...
# Subtest: non-unique evidence quote fails the pack without a second call
ok 44 - non-unique evidence quote fails the pack without a second call
  ---
  duration_ms: 0.088166
  type: 'test'
  ...
# Subtest: unknown field anywhere in the response fails the pack
ok 45 - unknown field anywhere in the response fails the pack
  ---
  duration_ms: 0.077917
  type: 'test'
  ...
# Subtest: forbidden authority fields fail the pack even before item validation
ok 46 - forbidden authority fields fail the pack even before item validation
  ---
  duration_ms: 0.062542
  type: 'test'
  ...
# Subtest: related_candidate_ids outside the allowlist fail the pack
ok 47 - related_candidate_ids outside the allowlist fail the pack
  ---
  duration_ms: 0.084833
  type: 'test'
  ...
# Subtest: related candidate count, bytes, pattern, and uniqueness fail atomically without truncation
ok 48 - related candidate count, bytes, pattern, and uniqueness fail atomically without truncation
  ---
  duration_ms: 0.27
  type: 'test'
  ...
# Subtest: oversized total response fails atomically before any artifact can be cached or persisted
ok 49 - oversized total response fails atomically before any artifact can be cached or persisted
  ---
  duration_ms: 1.598417
  type: 'test'
  ...
# Subtest: malformed top-level JSON fails as a named reason with exactly one call
ok 50 - malformed top-level JSON fails as a named reason with exactly one call
  ---
  duration_ms: 0.154958
  type: 'test'
  ...
# Subtest: provider failures keep named machine reasons and zero retries
ok 51 - provider failures keep named machine reasons and zero retries
  ---
  duration_ms: 0.202708
  type: 'test'
  ...
# Subtest: abort race: abort after egress but before validation reports one call; pre-request abort reports zero
ok 52 - abort race: abort after egress but before validation reports one call; pre-request abort reports zero
  ---
  duration_ms: 0.134708
  type: 'test'
  ...
# Subtest: identical text and span under two different chunk keys yield distinct deterministic aliases
ok 53 - identical text and span under two different chunk keys yield distinct deterministic aliases
  ---
  duration_ms: 0.41
  type: 'test'
  ...
# Subtest: cancellation fails the pack without calling the transport
ok 54 - cancellation fails the pack without calling the transport
  ---
  duration_ms: 0.043208
  type: 'test'
  ...
# Subtest: batch provider crosses the consumer runtime boundary once with allowlisted options only
ok 55 - batch provider crosses the consumer runtime boundary once with allowlisted options only
  ---
  duration_ms: 0.116791
  type: 'test'
  ...
# Subtest: request carries no feature-specific selector, repair markers, or secrets
ok 56 - request carries no feature-specific selector, repair markers, or secrets
  ---
  duration_ms: 8.906084
  type: 'test'
  ...
# Subtest: property fuzz: valid unicode quotes anchor; duplicate or absent quotes never pass
ok 57 - property fuzz: valid unicode quotes anchor; duplicate or absent quotes never pass
  ---
  duration_ms: 1.175625
  type: 'test'
  ...
# Subtest: module size stays within budget
ok 58 - module size stays within budget
  ---
  duration_ms: 1.057792
  type: 'test'
  ...
# TASK2_ASSERT candidate_handoff=1 canonical_writes=0
# TASK2_GUARDS rejections=12 unbranded_controls=4 writerCalls=0 existing_hash=1cd263f1102656dd6b6cf1d626d1a96f9eba0406af3cb2a52560d473d4801052 existing_mtime_ms=1767323045000
# Subtest: Given one saved Candidate, When approval starts, Then only an exact LLM Wiki review handoff occurs
ok 59 - Given one saved Candidate, When approval starts, Then only an exact LLM Wiki review handoff occurs
  ---
  duration_ms: 2.039417
  type: 'test'
  ...
# Subtest: Given a safe canonical title, When the shared target contract resolves it, Then the target is accepted only under ZETA/PERMANENT
ok 60 - Given a safe canonical title, When the shared target contract resolves it, Then the target is accepted only under ZETA/PERMANENT
  ---
  duration_ms: 0.112584
  type: 'test'
  ...
# Subtest: Given unregistered Knowledge taxonomy, When canonical preview assembly runs, Then it rejects before adapter writes
ok 61 - Given unregistered Knowledge taxonomy, When canonical preview assembly runs, Then it rejects before adapter writes
  ---
  duration_ms: 5.339292
  type: 'test'
  ...
# Subtest: Given a canonical preview with instruction-like body text, When an approved create commits, Then only exact packet bytes reach ZETA
ok 62 - Given a canonical preview with instruction-like body text, When an approved create commits, Then only exact packet bytes reach ZETA
  ---
  duration_ms: 19.087209
  type: 'test'
  ...
# Subtest: Given forbidden caller targets and malformed canonical documents, When packet assembly runs, Then every case rejects before writes
ok 63 - Given forbidden caller targets and malformed canonical documents, When packet assembly runs, Then every case rejects before writes
  ---
  duration_ms: 1.562125
  type: 'test'
  ...
# Subtest: Given an existing canonical target collision after approval, When create commit rechecks live bytes, Then mtime and hash remain unchanged
ok 64 - Given an existing canonical target collision after approval, When create commit rechecks live bytes, Then mtime and hash remain unchanged
  ---
  duration_ms: 5.845875
  type: 'test'
  ...
# TASK6_ASSERT exact_bytes=1 target=ZETA/PERMANENT/검증된 독서 원칙.md after_sha256=403dc82950797fc99af045fe3e83e2dfd0ecac76cea9c7630ed61c65e152bf3d reads=1 writes=0
# TASK6_ASSERT identity_mutations=7 rejected=7
# TASK6_ASSERT collision_status=stale_reconfirm_required old_unchanged=1 replacement_target=ZETA/PERMANENT/검증된 독서 원칙 2.md writes=0
# TASK6_ASSERT malformed_cases=8 zero_write_cases=8
# Subtest: Given one approved create and an injected live-byte adapter, When a canonical packet is assembled, Then exact shared serializer bytes and every trust binding are present
ok 65 - Given one approved create and an injected live-byte adapter, When a canonical packet is assembled, Then exact shared serializer bytes and every trust binding are present
  ---
  duration_ms: 15.526917
  type: 'test'
  ...
# Subtest: Given an exact packet, When target, property, before, after, provenance, consent, or revision changes, Then each mutation has a different identity and stale hashes reject
    # Subtest: target
    ok 1 - target
      ---
      duration_ms: 2.729458
      type: 'test'
      ...
    # Subtest: property
    ok 2 - property
      ---
      duration_ms: 0.506125
      type: 'test'
      ...
    # Subtest: before
    ok 3 - before
      ---
      duration_ms: 1.007292
      type: 'test'
      ...
    # Subtest: after
    ok 4 - after
      ---
      duration_ms: 4.084459
      type: 'test'
      ...
    # Subtest: provenance
    ok 5 - provenance
      ---
      duration_ms: 2.098834
      type: 'test'
      ...
    # Subtest: consent
    ok 6 - consent
      ---
      duration_ms: 0.391833
      type: 'test'
      ...
    # Subtest: revision
    ok 7 - revision
      ---
      duration_ms: 0.399208
      type: 'test'
      ...
    1..7
ok 66 - Given an exact packet, When target, property, before, after, provenance, consent, or revision changes, Then each mutation has a different identity and stale hashes reject
  ---
  duration_ms: 12.703625
  type: 'test'
  ...
# Subtest: Given a create target that becomes occupied, When the packet is reassembled from live bytes, Then a new unique target and packet require reconfirmation without mutating the collision
ok 67 - Given a create target that becomes occupied, When the packet is reassembled from live bytes, Then a new unique target and packet require reconfirmation without mutating the collision
  ---
  duration_ms: 4.109458
  type: 'test'
  ...
# Subtest: Given a future existing-target operation, When assembled, Then exact live before bytes are bound but authorization remains disabled
ok 68 - Given a future existing-target operation, When assembled, Then exact live before bytes are bound but authorization remains disabled
  ---
  duration_ms: 1.318625
  type: 'test'
  ...
# Subtest: Given malformed title, target, property, source, or citation input, When assembly is attempted, Then it fails before every write
ok 69 - Given malformed title, target, property, source, or citation input, When assembly is attempted, Then it fails before every write
  ---
  duration_ms: 1.586417
  type: 'test'
  ...
# Subtest: serialized canonical operation fixtures retain their parser-owned identity
ok 70 - serialized canonical operation fixtures retain their parser-owned identity
  ---
  duration_ms: 0.0885
  type: 'test'
  ...
# Subtest: raw and copied canonical authorization records remain rejected before live reads
ok 71 - raw and copied canonical authorization records remain rejected before live reads
  ---
  duration_ms: 0.178208
  type: 'test'
  ...
# Subtest: canonical assembly applies the exact private packet authorization transform
ok 72 - canonical assembly applies the exact private packet authorization transform
  ---
  duration_ms: 1.204
  type: 'test'
  ...
# Subtest: real packet tamper preserves the private operation identity and remains packet_tampered
ok 73 - real packet tamper preserves the private operation identity and remains packet_tampered
  ---
  duration_ms: 0.722167
  type: 'test'
  ...
# Subtest: Given instruction-shaped source text, When a create packet is assembled, Then the text remains inert provenance and cannot expand canonical properties
ok 74 - Given instruction-shaped source text, When a create packet is assembled, Then the text remains inert provenance and cannot expand canonical properties
  ---
  duration_ms: 1.71325
  type: 'test'
  ...
# Subtest: canonical v2 authorization binds full accepted ClaimSet and locally evaluated promotion receipt into exact bytes
ok 75 - canonical v2 authorization binds full accepted ClaimSet and locally evaluated promotion receipt into exact bytes
  ---
  duration_ms: 22.229042
  type: 'test'
  ...
# Subtest: approved v2 create writes exact packet bytes only after finalized audit and immutable authority
ok 76 - approved v2 create writes exact packet bytes only after finalized audit and immutable authority
  ---
  duration_ms: 16.365959
  type: 'test'
  ...
# Subtest: canonical v2 uses statement only and retains legacy v1 summary compatibility
ok 77 - canonical v2 uses statement only and retains legacy v1 summary compatibility
  ---
  duration_ms: 9.495333
  type: 'test'
  ...
# Subtest: v2 validates update evidence but create writer still refuses update and merge mutations
ok 78 - v2 validates update evidence but create writer still refuses update and merge mutations
  ---
  duration_ms: 25.346875
  type: 'test'
  ...
# Subtest: canonical v2 fails closed for forged authority, missing source, and stale existing targets before writes
ok 79 - canonical v2 fails closed for forged authority, missing source, and stale existing targets before writes
  ---
  duration_ms: 13.160417
  type: 'test'
  ...
# Subtest: canonical v2 trust requires one finalized immutable decision across every read surface
ok 80 - canonical v2 trust requires one finalized immutable decision across every read surface
  ---
  duration_ms: 53.216542
  type: 'test'
  ...
# Subtest: exposed finalized authority cannot be mutated to verify unaudited canonical bytes
ok 81 - exposed finalized authority cannot be mutated to verify unaudited canonical bytes
  ---
  duration_ms: 33.821334
  type: 'test'
  ...
# Subtest: finalized authority display views are detached and recursively immutable
ok 82 - finalized authority display views are detached and recursively immutable
  ---
  duration_ms: 16.959125
  type: 'test'
  ...
# Subtest: raw authority, labels, clones, mismatches, stale state, and inactive revisions fail closed
ok 83 - raw authority, labels, clones, mismatches, stale state, and inactive revisions fail closed
  ---
  duration_ms: 13.164542
  type: 'test'
  ...
# Subtest: approved update finalizes a new canonical v2 revision that resurfaces once while revision 1 stays muted
ok 84 - approved update finalizes a new canonical v2 revision that resurfaces once while revision 1 stays muted
  ---
  duration_ms: 39.074417
  type: 'test'
  ...
# Subtest: stale update targets zero-mutate and resurface only after exact restoration
ok 85 - stale update targets zero-mutate and resurface only after exact restoration
  ---
  duration_ms: 32.316209
  type: 'test'
  ...
# Subtest: failed authority audit leaves the trusted surface on the last finalized revision
ok 86 - failed authority audit leaves the trusted surface on the last finalized revision
  ---
  duration_ms: 30.957458
  type: 'test'
  ...
# Subtest: large mixed Unicode chunking completes within the bounded timeout
ok 87 - large mixed Unicode chunking completes within the bounded timeout
  ---
  duration_ms: 944.095041
  type: 'test'
  ...
# Subtest: strict manifest validation rejects self-consistent replacement text
ok 88 - strict manifest validation rejects self-consistent replacement text
  ---
  duration_ms: 3.776792
  type: 'test'
  ...
# Subtest: chunks cover exact UTF-16 spans without overlap and never split surrogate pairs
ok 89 - chunks cover exact UTF-16 spans without overlap and never split surrogate pairs
  ---
  duration_ms: 1.929125
  type: 'test'
  ...
# Subtest: chunk splitting follows heading, paragraph, sentence, line, then slice fallback
ok 90 - chunk splitting follows heading, paragraph, sentence, line, then slice fallback
  ---
  duration_ms: 1.518417
  type: 'test'
  ...
# Subtest: uses the last eligible boundary in the byte window and preserves deterministic exact coverage
ok 91 - uses the last eligible boundary in the byte window and preserves deterministic exact coverage
  ---
  duration_ms: 4.98775
  type: 'test'
  ...
# Subtest: semantic cache continuity survives a preceding insertion but renamed heading misses once
ok 92 - semantic cache continuity survives a preceding insertion but renamed heading misses once
  ---
  duration_ms: 2.527375
  type: 'test'
  ...
# Subtest: duplicate occurrences with an empty cache are all misses and remain analyzable
ok 93 - duplicate occurrences with an empty cache are all misses and remain analyzable
  ---
  duration_ms: 0.665209
  type: 'test'
  ...
# Subtest: identical text under different source ids has distinct instance ids
ok 94 - identical text under different source ids has distinct instance ids
  ---
  duration_ms: 0.465167
  type: 'test'
  ...
# Subtest: duplicate occurrences reuse only their exact distinct instance artifacts
ok 95 - duplicate occurrences reuse only their exact distinct instance artifacts
  ---
  duration_ms: 0.924333
  type: 'test'
  ...
# Subtest: cache and coverage quarantine corrupt persisted artifacts and preserve newest retry generation
ok 96 - cache and coverage quarantine corrupt persisted artifacts and preserve newest retry generation
  ---
  duration_ms: 1.76075
  type: 'test'
  ...
# Subtest: cancelled or superseded requests reject late cache and coverage writes
ok 97 - cancelled or superseded requests reject late cache and coverage writes
  ---
  duration_ms: 0.661334
  type: 'test'
  ...
# Subtest: coverage is durable, partial/cancelled work stays incomplete, and corrupt cache is quarantined
ok 98 - coverage is durable, partial/cancelled work stays incomplete, and corrupt cache is quarantined
  ---
  duration_ms: 4.372667
  type: 'test'
  ...
# Subtest: repeated partial restarts never report complete before the final durable receipt
ok 99 - repeated partial restarts never report complete before the final durable receipt
  ---
  duration_ms: 2.364209
  type: 'test'
  ...
# Subtest: v1 state is stale, while v2 completion is hash-bound to durable exact coverage
ok 100 - v1 state is stale, while v2 completion is hash-bound to durable exact coverage
  ---
  duration_ms: 3.432041
  type: 'test'
  ...
# Subtest: exact source substring binding derives local IDs and maps provider spans to immutable source spans
ok 101 - exact source substring binding derives local IDs and maps provider spans to immutable source spans
  ---
  duration_ms: 28.096334
  type: 'test'
  ...
# Subtest: AI derivation chains require cited local claims and research requires an ingested external snapshot
ok 102 - AI derivation chains require cited local claims and research requires an ingested external snapshot
  ---
  duration_ms: 3.527375
  type: 'test'
  ...
# Subtest: AI interpretations require derivation ancestry that reaches cited source evidence
ok 103 - AI interpretations require derivation ancestry that reaches cited source evidence
  ---
  duration_ms: 2.752292
  type: 'test'
  ...
# Subtest: provider-relative spans cannot bisect UTF-16 surrogate pairs
ok 104 - provider-relative spans cannot bisect UTF-16 surrogate pairs
  ---
  duration_ms: 2.1215
  type: 'test'
  ...
# Subtest: authorization rejects a hash-recomputed cyclic AI derivation graph despite cited ancestry
ok 105 - authorization rejects a hash-recomputed cyclic AI derivation graph despite cited ancestry
  ---
  duration_ms: 2.664
  type: 'test'
  ...
# Subtest: corrections create disputes, and claim-hash-bound actions preserve persistent AI labels
ok 106 - corrections create disputes, and claim-hash-bound actions preserve persistent AI labels
  ---
  duration_ms: 6.154292
  type: 'test'
  ...
# Subtest: forged provider IDs, fabricated citations, digest drift, and silent replacement fail closed or become selectively stale
ok 107 - forged provider IDs, fabricated citations, digest drift, and silent replacement fail closed or become selectively stale
  ---
  duration_ms: 6.959583
  type: 'test'
  ...
# Subtest: malformed input and untrusted text remain typed zero-write data
ok 108 - malformed input and untrusted text remain typed zero-write data
  ---
  duration_ms: 1.631209
  type: 'test'
  ...
# Subtest: exported provenance seams reject oversized, deep, cyclic, proxy, and accessor inputs without invoking getters
ok 109 - exported provenance seams reject oversized, deep, cyclic, proxy, and accessor inputs without invoking getters
  ---
  duration_ms: 2.13675
  type: 'test'
  ...
# Subtest: prepares a new user-authorized compensation packet with exact inverse bytes
ok 110 - prepares a new user-authorized compensation packet with exact inverse bytes
  ---
  duration_ms: 6.811291
  type: 'test'
  ...
# Subtest: rejects compensation without an explicit current user action
ok 111 - rejects compensation without an explicit current user action
  ---
  duration_ms: 0.196333
  type: 'test'
  ...
# Subtest: validates immutable audit hashes and a contiguous parent chain
ok 112 - validates immutable audit hashes and a contiguous parent chain
  ---
  duration_ms: 1.445083
  type: 'test'
  ...
# Subtest: writes compensation only from compensation_committing and preserves packet trace
ok 113 - writes compensation only from compensation_committing and preserves packet trace
  ---
  duration_ms: 1.723917
  type: 'test'
  ...
# Subtest: rejects compensation outside its dedicated lifecycle state without writes
ok 114 - rejects compensation outside its dedicated lifecycle state without writes
  ---
  duration_ms: 1.011583
  type: 'test'
  ...
# Subtest: rejects live drift before all compensation writes
ok 115 - rejects live drift before all compensation writes
  ---
  duration_ms: 0.733792
  type: 'test'
  ...
# Subtest: restores completed compensation writes in reverse order after a later write fails
ok 116 - restores completed compensation writes in reverse order after a later write fails
  ---
  duration_ms: 4.166792
  type: 'test'
  ...
# Subtest: fails closed with recovery details when compensation restoration fails
ok 117 - fails closed with recovery details when compensation restoration fails
  ---
  duration_ms: 1.497583
  type: 'test'
  ...
# Subtest: restores every target when immutable audit persistence fails after writes
ok 118 - restores every target when immutable audit persistence fails after writes
  ---
  duration_ms: 4.763667
  type: 'test'
  ...
# Subtest: rejects missing or changed live revision tokens before all compensation writes
ok 119 - rejects missing or changed live revision tokens before all compensation writes
  ---
  duration_ms: 2.536208
  type: 'test'
  ...
# Subtest: rejects truncated immutable audit history and replay after service restart
ok 120 - rejects truncated immutable audit history and replay after service restart
  ---
  duration_ms: 8.135708
  type: 'test'
  ...
# Subtest: fails closed when immutable audit records exist without their continuity head
ok 121 - fails closed when immutable audit records exist without their continuity head
  ---
  duration_ms: 1.124458
  type: 'test'
  ...
# Subtest: permits partial transaction restore only in original committing state
ok 122 - permits partial transaction restore only in original committing state
  ---
  duration_ms: 0.5605
  type: 'test'
  ...
# Subtest: persists immutable audit entries through the production Vault adapter
ok 123 - persists immutable audit entries through the production Vault adapter
  ---
  duration_ms: 1.908208
  type: 'test'
  ...
# Subtest: production immutable audit uses Obsidian DataAdapter for hidden local paths
ok 124 - production immutable audit uses Obsidian DataAdapter for hidden local paths
  ---
  duration_ms: 2.596167
  type: 'test'
  ...
# Subtest: production audit continuity rejects truncation and replay across fresh services
ok 125 - production audit continuity rejects truncation and replay across fresh services
  ---
  duration_ms: 7.363
  type: 'test'
  ...
# Subtest: forbids destructive command paths and loads the service in production
ok 126 - forbids destructive command paths and loads the service in production
  ---
  duration_ms: 0.4915
  type: 'test'
  ...
# Subtest: real Hub route exposes one confirmed compensation action and consumes it after exact restoration
ok 127 - real Hub route exposes one confirmed compensation action and consumes it after exact restoration
  ---
  duration_ms: 475.617417
  type: 'test'
  ...
# Subtest: disposable production Hub driver restores a failed multi-file compensation and rejects restart truncation
ok 128 - disposable production Hub driver restores a failed multi-file compensation and rejects restart truncation
  ---
  duration_ms: 89.956375
  type: 'test'
  ...
# Subtest: multiple claims from one source become one coherent candidate document
ok 129 - multiple claims from one source become one coherent candidate document
  ---
  duration_ms: 1.323292
  type: 'test'
  ...
# Subtest: source summary and reusable claims become separate document classes, not item files
ok 130 - source summary and reusable claims become separate document classes, not item files
  ---
  duration_ms: 1.552417
  type: 'test'
  ...
# Subtest: one information-rich source becomes one sectioned source document plus coherent topic documents
ok 131 - one information-rich source becomes one sectioned source document plus coherent topic documents
  ---
  duration_ms: 0.444792
  type: 'test'
  ...
# Subtest: canonical coverage returns no_change and blocks duplicate create
ok 132 - canonical coverage returns no_change and blocks duplicate create
  ---
  duration_ms: 0.17125
  type: 'test'
  ...
# Subtest: canonical lexical overlap cannot discard changed numbers, conditions or negation
ok 133 - canonical lexical overlap cannot discard changed numbers, conditions or negation
  ---
  duration_ms: 0.201167
  type: 'test'
  ...
# Subtest: trusted related candidates choose one document-level update or merge
ok 134 - trusted related candidates choose one document-level update or merge
  ---
  duration_ms: 6.984167
  type: 'test'
  ...
# Subtest: document plan resolves canonically equivalent Unicode source paths
ok 135 - document plan resolves canonically equivalent Unicode source paths
  ---
  duration_ms: 109.104834
  type: 'test'
  ...
# Subtest: document planning requires complete semantic source coverage before downstream planning
ok 136 - document planning requires complete semantic source coverage before downstream planning
  ---
  duration_ms: 461.339583
  type: 'test'
  ...
# Subtest: canonical no_change documents count as source provenance toward full plan coverage (Finding-2)
ok 137 - canonical no_change documents count as source provenance toward full plan coverage (Finding-2)
  ---
  duration_ms: 85.787084
  type: 'test'
  ...
# Subtest: default article-compiler closure uses the in-scope plan source id (no sourceId ReferenceError)
ok 138 - default article-compiler closure uses the in-scope plan source id (no sourceId ReferenceError)
  ---
  duration_ms: 76.887
  type: 'test'
  ...
# Subtest: span-misaligned semantic units fail the plan with the shared semantic_candidate_key_missing contract
ok 139 - span-misaligned semantic units fail the plan with the shared semantic_candidate_key_missing contract
  ---
  duration_ms: 24.398958
  type: 'test'
  ...
# Subtest: replay-only analysis without durable 12/12 unit coverage cannot become review_ready
ok 140 - replay-only analysis without durable 12/12 unit coverage cannot become review_ready
  ---
  duration_ms: 23.68775
  type: 'test'
  ...
# Subtest: Centum regression converges through the real Hub planner, compiler, and Golden orchestrator
ok 141 - Centum regression converges through the real Hub planner, compiler, and Golden orchestrator
  ---
  duration_ms: 90.629625
  type: 'test'
  ...
# Subtest: semantic over-capacity stops before transport and every downstream boundary
ok 142 - semantic over-capacity stops before transport and every downstream boundary
  ---
  duration_ms: 24.487916
  type: 'test'
  ...
# Subtest: v1 cache misses v2 once, exact v2 remount replays final while compiled stays draft, and drift blocks replay
ok 143 - v1 cache misses v2 once, exact v2 remount replays final while compiled stays draft, and drift blocks replay
  ---
  duration_ms: 97.224792
  type: 'test'
  ...
# Subtest: live batch emits one document operation for multiple reusable claims
ok 144 - live batch emits one document operation for multiple reusable claims
  ---
  duration_ms: 31.247292
  type: 'test'
  ...
# Subtest: rejecting an obsolete review run persists zero packets across restart
ok 145 - rejecting an obsolete review run persists zero packets across restart
  ---
  duration_ms: 46.019792
  type: 'test'
  ...
# Subtest: isolated document pilot covers content beyond 4 KiB without replacing the existing review
ok 146 - isolated document pilot covers content beyond 4 KiB without replacing the existing review
  ---
  duration_ms: 22.095292
  type: 'test'
  ...
# Subtest: isolated document pilot resumes after the last completed pack
ok 147 - isolated document pilot resumes after the last completed pack
  ---
  duration_ms: 45.732167
  type: 'test'
  ...
# Subtest: full-source materialization converts chunk-local spans to source-global locators
ok 148 - full-source materialization converts chunk-local spans to source-global locators
  ---
  duration_ms: 72.497583
  type: 'test'
  ...
# Subtest: full-source plan resumes a blocked batch only with explicit retry intent
ok 149 - full-source plan resumes a blocked batch only with explicit retry intent
  ---
  duration_ms: 29.454
  type: 'test'
  ...
# Subtest: Hub remount preserves the actively selected document plan
ok 150 - Hub remount preserves the actively selected document plan
  ---
  duration_ms: 37.642375
  type: 'test'
  ...
# Subtest: compile blocks swapped topic titles until explicit recommended renames
ok 151 - compile blocks swapped topic titles until explicit recommended renames
  ---
  duration_ms: 56.537042
  type: 'test'
  ...
# Subtest: full-source workflow stops at page-plan triage, then compiles preview without replacing active review
ok 152 - full-source workflow stops at page-plan triage, then compiles preview without replacing active review
  ---
  duration_ms: 129.920792
  type: 'test'
  ...
# Subtest: source-only claims block source archive when compiled review activates
ok 153 - source-only claims block source archive when compiled review activates
  ---
  duration_ms: 35.268583
  type: 'test'
  ...
# Subtest: legacy atomized recovery repackets from cached artifacts with provider zero
ok 154 - legacy atomized recovery repackets from cached artifacts with provider zero
  ---
  duration_ms: 49.446459
  type: 'test'
  ...
# Subtest: canonical coverage blocks duplicate candidate creation in the live Hub
ok 155 - canonical coverage blocks duplicate candidate creation in the live Hub
  ---
  duration_ms: 53.918666
  type: 'test'
  ...
# Subtest: stale source excluded from cached repacket returns to the visible pending queue
ok 156 - stale source excluded from cached repacket returns to the visible pending queue
  ---
  duration_ms: 57.218209
  type: 'test'
  ...
# Subtest: successive supplements stay in the article with one provenance footer and unchanged human notes
ok 157 - successive supplements stay in the article with one provenance footer and unchanged human notes
  ---
  duration_ms: 144.168916
  type: 'test'
  ...
# Subtest: compiled document creates, updates same Markdown and is read back as trusted
ok 158 - compiled document creates, updates same Markdown and is read back as trusted
  ---
  duration_ms: 103.764292
  type: 'test'
  ...
# Subtest: unresolved conflict and missing explicit approval do not write canonical Markdown
ok 159 - unresolved conflict and missing explicit approval do not write canonical Markdown
  ---
  duration_ms: 1.823125
  type: 'test'
  ...
# Subtest: stale source or target preview rejects without replacing subsequent user edits
ok 160 - stale source or target preview rejects without replacing subsequent user edits
  ---
  duration_ms: 1.241041
  type: 'test'
  ...
# Subtest: post-write audit failure resumes same approved document without a duplicate paragraph
ok 161 - post-write audit failure resumes same approved document without a duplicate paragraph
  ---
  duration_ms: 60.051083
  type: 'test'
  ...
# Subtest: target edit after preview remains untouched and requires a fresh review
ok 162 - target edit after preview remains untouched and requires a fresh review
  ---
  duration_ms: 35.198
  type: 'test'
  ...
# Subtest: review modal renders exact preview and applies only after explicit checkbox action
ok 163 - review modal renders exact preview and applies only after explicit checkbox action
  ---
  duration_ms: 20.276667
  type: 'test'
  ...
# Subtest: approved Wiki text is never recaptured as an independent Source
ok 164 - approved Wiki text is never recaptured as an independent Source
  ---
  duration_ms: 0.548292
  type: 'test'
  ...
# Subtest: partial update survives modal close/reopen without another canonical write and protects later user edits
ok 165 - partial update survives modal close/reopen without another canonical write and protects later user edits
  ---
  duration_ms: 67.409084
  type: 'test'
  ...
# Subtest: existing processing plan restores an interrupted apply after runtime restart only with a fresh explicit decision
ok 166 - existing processing plan restores an interrupted apply after runtime restart only with a fresh explicit decision
  ---
  duration_ms: 214.860375
  type: 'test'
  ...
# Subtest: projects real inbox snapshots into one beginner lifecycle state and one typed primary action
ok 167 - projects real inbox snapshots into one beginner lifecycle state and one typed primary action
  ---
  duration_ms: 2.092459
  type: 'test'
  ...
# Subtest: explicit source selection takes priority over an automatic INBOX queue
ok 168 - explicit source selection takes priority over an automatic INBOX queue
  ---
  duration_ms: 1.05
  type: 'test'
  ...
# Subtest: source picker labels user materials and filters by title or path
ok 169 - source picker labels user materials and filters by title or path
  ---
  duration_ms: 0.234667
  type: 'test'
  ...
# Subtest: renders selected source as a Golden Wiki creation flow
ok 170 - renders selected source as a Golden Wiki creation flow
  ---
  duration_ms: 9.311
  type: 'test'
  ...
# Subtest: large source requires an explicit heading scope before consent
ok 171 - large source requires an explicit heading scope before consent
  ---
  duration_ms: 0.296959
  type: 'test'
  ...
# Subtest: large source range picker is hierarchical searchable and previewable
ok 172 - large source range picker is hierarchical searchable and previewable
  ---
  duration_ms: 0.352542
  type: 'test'
  ...
# Subtest: interrupted and changed Prodigy Wiki runs expose one typed recovery action
ok 173 - interrupted and changed Prodigy Wiki runs expose one typed recovery action
  ---
  duration_ms: 0.26275
  type: 'test'
  ...
# Subtest: projects operation progress, refresh and Git follow-up without mutating the committed canonical outcome
ok 174 - projects operation progress, refresh and Git follow-up without mutating the committed canonical outcome
  ---
  duration_ms: 0.188041
  type: 'test'
  ...
# Subtest: renders one canonical Git follow-up message across unavailable, retry, and recovery updates
ok 175 - renders one canonical Git follow-up message across unavailable, retry, and recovery updates
  ---
  duration_ms: 0.316125
  type: 'test'
  ...
# Subtest: keeps approval-ready and blocking conflict queues separate and excludes conflicts from eligible batches
ok 176 - keeps approval-ready and blocking conflict queues separate and excludes conflicts from eligible batches
  ---
  duration_ms: 0.145375
  type: 'test'
  ...
# Subtest: production Hub loads and owns inbox intake, cancellation, retry, Task14 review and operation recovery routes
ok 177 - production Hub loads and owns inbox intake, cancellation, retry, Task14 review and operation recovery routes
  ---
  duration_ms: 5.803333
  type: 'test'
  ...
# Subtest: default lifecycle DOM omits raw canonical and internal fields and has no nested scroll owner
ok 178 - default lifecycle DOM omits raw canonical and internal fields and has no nested scroll owner
  ---
  duration_ms: 2.247084
  type: 'test'
  ...
# Subtest: central Knowledge stylesheet is the only lifecycle and browse selector source and enforces responsive geometry
ok 179 - central Knowledge stylesheet is the only lifecycle and browse selector source and enforces responsive geometry
  ---
  duration_ms: 0.621666
  type: 'test'
  ...
# Subtest: Knowledge retains exactly four tabs
ok 180 - Knowledge retains exactly four tabs
  ---
  duration_ms: 0.285459
  type: 'test'
  ...
# Subtest: source boundary reflects an actually sent question without changing pre-consent default
ok 181 - source boundary reflects an actually sent question without changing pre-consent default
  ---
  duration_ms: 0.292208
  type: 'test'
  ...
# TASK8_CALL_ORDER get:.llmwiki-audit/nonce_obsidian_adapter_0001.json -> get:ZETA/PERMANENT/Obsidian Adapter 원칙.md -> get:ZETA/PERMANENT/Obsidian Adapter 원칙.md -> get:.llmwiki-audit/nonce_obsidian_adapter_0001.json -> get:.llmwiki-audit -> create:.llmwiki-audit/nonce_obsidian_adapter_0001.json -> get:ZETA/PERMANENT/Obsidian Adapter 원칙.md -> create:ZETA/PERMANENT/Obsidian Adapter 원칙.md -> modify:.llmwiki-audit/nonce_obsidian_adapter_0001.json
# TASK8_REPAIR first=1 duplicate=1 canonical_rewrites=0 provider=0 network=0 git=0
# Subtest: real app.vault is resolved while malformed or absent browser runtime is runtime_unavailable
ok 182 - real app.vault is resolved while malformed or absent browser runtime is runtime_unavailable
  ---
  duration_ms: 4.601541
  type: 'test'
  ...
# Subtest: raw, spread, copied, and JSON-unbranded operations reject before Vault effects
ok 183 - raw, spread, copied, and JSON-unbranded operations reject before Vault effects
  ---
  duration_ms: 7.615208
  type: 'test'
  ...
# Subtest: deterministic writer validates, prepares audit, creates exact canonical bytes, and finalizes exact audit bytes in order
ok 184 - deterministic writer validates, prepares audit, creates exact canonical bytes, and finalizes exact audit bytes in order
  ---
  duration_ms: 19.167083
  type: 'test'
  ...
# Subtest: modify uses app.vault read/create/modify in exact order and preserves exact before/after state
ok 185 - modify uses app.vault read/create/modify in exact order and preserves exact before/after state
  ---
  duration_ms: 0.665042
  type: 'test'
  ...
# Subtest: missing audit directory is created at the one exact Vault path before audit prepare
ok 186 - missing audit directory is created at the one exact Vault path before audit prepare
  ---
  duration_ms: 0.7155
  type: 'test'
  ...
# Subtest: audit prepare failure writes no canonical and reports exact zero counters
ok 187 - audit prepare failure writes no canonical and reports exact zero counters
  ---
  duration_ms: 11.743875
  type: 'test'
  ...
# Subtest: canonical failure preserves canonical state and finalizes a rejected audit when possible
ok 188 - canonical failure preserves canonical state and finalizes a rejected audit when possible
  ---
  duration_ms: 17.305833
  type: 'test'
  ...
# Subtest: audit finalize failure returns committed_audit_pending without canonical rollback and repair is exact and idempotent
ok 189 - audit finalize failure returns committed_audit_pending without canonical rollback and repair is exact and idempotent
  ---
  duration_ms: 5.2935
  type: 'test'
  ...
# Subtest: repair write failure keeps exact prepared audit and canonical bytes for a later retry
ok 190 - repair write failure keeps exact prepared audit and canonical bytes for a later retry
  ---
  duration_ms: 4.481667
  type: 'test'
  ...
# Subtest: create collision, stale modify bytes, and repair mismatch reject before forbidden mutation
ok 191 - create collision, stale modify bytes, and repair mismatch reject before forbidden mutation
  ---
  duration_ms: 2.085667
  type: 'test'
  ...
# Subtest: malformed paths, packet, vault shape, and source text fail closed; product adapter has no Node fs path
ok 192 - malformed paths, packet, vault shape, and source text fail closed; product adapter has no Node fs path
  ---
  duration_ms: 0.715333
  type: 'test'
  ...
# Subtest: existing create proposal and approval packet remain compatible without a typed operation
ok 193 - existing create proposal and approval packet remain compatible without a typed operation
  ---
  duration_ms: 5.279083
  type: 'test'
  ...
# Subtest: create, update, merge, and noop parse exhaustively into deeply frozen discriminated operations
ok 194 - create, update, merge, and noop parse exhaustively into deeply frozen discriminated operations
  ---
  duration_ms: 1.842875
  type: 'test'
  ...
# Subtest: destination ids, revisions, exact before/after bytes, citations, conflicts, risk, and effects are mandatory and kind-specific
ok 195 - destination ids, revisions, exact before/after bytes, citations, conflicts, risk, and effects are mandatory and kind-specific
  ---
  duration_ms: 1.336083
  type: 'test'
  ...
# Subtest: delete is unrepresentable and malformed or instruction-shaped fields cannot expand authority
ok 196 - delete is unrepresentable and malformed or instruction-shaped fields cannot expand authority
  ---
  duration_ms: 0.50225
  type: 'test'
  ...
# Subtest: merge covers every source and destination revision and rejects missing or extra coverage
ok 197 - merge covers every source and destination revision and rejects missing or extra coverage
  ---
  duration_ms: 0.322875
  type: 'test'
  ...
# Subtest: unresolved conflicts make operation and approval packet ineligible
ok 198 - unresolved conflicts make operation and approval packet ineligible
  ---
  duration_ms: 3.337209
  type: 'test'
  ...
# Subtest: raw plain, custom-prototype, polluted, accessor, and exotic-array objects reject without inspection
ok 199 - raw plain, custom-prototype, polluted, accessor, and exotic-array objects reject without inspection
  ---
  duration_ms: 0.1795
  type: 'test'
  ...
# Subtest: null-prototype nested records and maps are accepted and normalized to frozen prototype-safe maps
ok 200 - null-prototype nested records and maps are accepted and normalized to frozen prototype-safe maps
  ---
  duration_ms: 0.206459
  type: 'test'
  ...
# Subtest: prototype-mutating identifiers and revision-map keys reject at every identifier boundary
ok 201 - prototype-mutating identifiers and revision-map keys reject at every identifier boundary
  ---
  duration_ms: 0.536041
  type: 'test'
  ...
# Subtest: serialized boundary rejects raw objects and 24 mutating proxies without triggering any trap
ok 202 - serialized boundary rejects raw objects and 24 mutating proxies without triggering any trap
  ---
  duration_ms: 0.259416
  type: 'test'
  ...
# Subtest: serialized JSON accepts all kinds, rejects malformed and duplicate-key JSON, and brands reusable records
ok 203 - serialized JSON accepts all kinds, rejects malformed and duplicate-key JSON, and brands reusable records
  ---
  duration_ms: 1.081291
  type: 'test'
  ...
# Subtest: browser VM operation intake uses TextEncoder or deterministic UTF-8 fallback without Node runtime modules
ok 204 - browser VM operation intake uses TextEncoder or deterministic UTF-8 fallback without Node runtime modules
  ---
  duration_ms: 68.491583
  type: 'test'
  ...
# Subtest: serialized operation byte boundary rejects max plus one and multibyte overflow while accepting exact max
ok 205 - serialized operation byte boundary rejects max plus one and multibyte overflow while accepting exact max
  ---
  duration_ms: 17.472834
  type: 'test'
  ...
# Subtest: over-limit operation is rejected across proposal, approval, and canonical seams before any alternate JSON.parse
ok 206 - over-limit operation is rejected across proposal, approval, and canonical seams before any alternate JSON.parse
  ---
  duration_ms: 12.45775
  type: 'test'
  ...
# Subtest: canonical assembly and verification reject raw operation proxies/getters with zero side effects and no JSON round trips
ok 207 - canonical assembly and verification reject raw operation proxies/getters with zero side effects and no JSON round trips
  ---
  duration_ms: 38.617708
  type: 'test'
  ...
# Subtest: sub-megabyte excessive depth and collection counts reject with deterministic complexity failures
ok 208 - sub-megabyte excessive depth and collection counts reject with deterministic complexity failures
  ---
  duration_ms: 5.040084
  type: 'test'
  ...
# Subtest: proposal and approval seams accept serialized or branded operations but reject raw operation objects
ok 209 - proposal and approval seams accept serialized or branded operations but reject raw operation objects
  ---
  duration_ms: 11.898083
  type: 'test'
  ...
# Subtest: branded records can be evaluated repeatedly without losing identity or stale checks
ok 210 - branded records can be evaluated repeatedly without losing identity or stale checks
  ---
  duration_ms: 0.269083
  type: 'test'
  ...
# Subtest: deprecation and supersession effects bind canonical target revision and exact before bytes
ok 211 - deprecation and supersession effects bind canonical target revision and exact before bytes
  ---
  duration_ms: 0.576125
  type: 'test'
  ...
# Subtest: trusted current canonical revisions are required to report existing-target operations fresh and eligible
ok 212 - trusted current canonical revisions are required to report existing-target operations fresh and eligible
  ---
  duration_ms: 0.307292
  type: 'test'
  ...
# Subtest: typed operation and revision evaluation replay are deterministic and do not mutate caller input
ok 213 - typed operation and revision evaluation replay are deterministic and do not mutate caller input
  ---
  duration_ms: 0.223667
  type: 'test'
  ...
# Subtest: Given the operation writer modules, When their boundaries are inspected, Then each authority has one specific role under 250 pure LOC
ok 214 - Given the operation writer modules, When their boundaries are inspected, Then each authority has one specific role under 250 pure LOC
  ---
  duration_ms: 11.510083
  type: 'test'
  ...
# Subtest: Given the stable writer facade, When its public surface is enumerated, Then no generic mutation seam is exposed
ok 215 - Given the stable writer facade, When its public surface is enumerated, Then no generic mutation seam is exposed
  ---
  duration_ms: 0.495291
  type: 'test'
  ...
# Subtest: entry reuses existing Hub and coalesces duplicate opens without ingest or write
ok 216 - entry reuses existing Hub and coalesces duplicate opens without ingest or write
  ---
  duration_ms: 1.316417
  type: 'test'
  ...
# Subtest: entry reports missing required Hub or Dataview rather than claiming mounted
ok 217 - entry reports missing required Hub or Dataview rather than claiming mounted
  ---
  duration_ms: 0.790417
  type: 'test'
  ...
# Subtest: Given forged promotion authority When canonical approval executes Then no handler is called
ok 218 - Given forged promotion authority When canonical approval executes Then no handler is called
  ---
  duration_ms: 5.096416
  type: 'test'
  ...
# Subtest: Given exact branded promotion authority When canonical approval executes Then handler is called once and replay stays closed
ok 219 - Given exact branded promotion authority When canonical approval executes Then handler is called once and replay stays closed
  ---
  duration_ms: 3.725208
  type: 'test'
  ...
# Subtest: Given cross-ClaimSet or stale branded authority When canonical approval executes Then no handler is called
ok 220 - Given cross-ClaimSet or stale branded authority When canonical approval executes Then no handler is called
  ---
  duration_ms: 3.13075
  type: 'test'
  ...
# Subtest: stale PARA handoff cannot be replayed without a new review revision
ok 221 - stale PARA handoff cannot be replayed without a new review revision
  ---
  duration_ms: 0.587625
  type: 'test'
  ...
# Subtest: retry is limited to explicit stale or recovery review states
ok 222 - retry is limited to explicit stale or recovery review states
  ---
  duration_ms: 0.313583
  type: 'test'
  ...
# Subtest: cache completion and PARA approval expose exact local scope without provider authority
ok 223 - cache completion and PARA approval expose exact local scope without provider authority
  ---
  duration_ms: 0.412583
  type: 'test'
  ...
# Subtest: failed explicit review recovery can retry while in-flight and successful requests stay deduplicated
ok 224 - failed explicit review recovery can retry while in-flight and successful requests stay deduplicated
  ---
  duration_ms: 0.361291
  type: 'test'
  ...
# Subtest: throwing explicit review recovery remains retryable without releasing apply commands
ok 225 - throwing explicit review recovery remains retryable without releasing apply commands
  ---
  duration_ms: 0.291833
  type: 'test'
  ...
# Subtest: query/read returns byte-stable verified and legacy envelopes with deterministic ranking, citations, ids, and hash
ok 226 - query/read returns byte-stable verified and legacy envelopes with deterministic ranking, citations, ids, and hash
  ---
  duration_ms: 33.943042
  type: 'test'
  ...
# Subtest: literature, candidate, and proposal modes are labeled non-canonical and never promoted to verified answers
ok 227 - literature, candidate, and proposal modes are labeled non-canonical and never promoted to verified answers
  ---
  duration_ms: 1.526959
  type: 'test'
  ...
# Subtest: stale, unavailable, conflict, empty, malformed, unsafe, and prompt-shaped inputs fail closed with writer=0
ok 228 - stale, unavailable, conflict, empty, malformed, unsafe, and prompt-shaped inputs fail closed with writer=0
  ---
  duration_ms: 1.447208
  type: 'test'
  ...
# Subtest: query/read ignores writer/provider/creator hooks and leaves persistent filesystem snapshots unchanged
ok 229 - query/read ignores writer/provider/creator hooks and leaves persistent filesystem snapshots unchanged
  ---
  duration_ms: 2.857125
  type: 'test'
  ...
# Subtest: operation run state declares every kind and deterministic state/action transition
ok 230 - operation run state declares every kind and deterministic state/action transition
  ---
  duration_ms: 4.454833
  type: 'test'
  ...
# Subtest: operation run identity and revision are monotonic and stale identities reject
ok 231 - operation run identity and revision are monotonic and stale identities reject
  ---
  duration_ms: 0.166542
  type: 'test'
  ...
# Subtest: controller delegates typed update execution through the operation orchestrator
ok 232 - controller delegates typed update execution through the operation orchestrator
  ---
  duration_ms: 26.308292
  type: 'test'
  ...
# Subtest: create, update, merge, and no-op use one exhaustive service interface
ok 233 - create, update, merge, and no-op use one exhaustive service interface
  ---
  duration_ms: 7.148959
  type: 'test'
  ...
# Subtest: one active run rejects a second start and explicit replacement invalidates the old provider
ok 234 - one active run rejects a second start and explicit replacement invalidates the old provider
  ---
  duration_ms: 0.680167
  type: 'test'
  ...
# Subtest: cancel while provider is pending aborts and makes the late provider result UI-inert
ok 235 - cancel while provider is pending aborts and makes the late provider result UI-inert
  ---
  duration_ms: 0.477792
  type: 'test'
  ...
# Subtest: cancel after provider readiness prevents approval and all canonical adapter calls
ok 236 - cancel after provider readiness prevents approval and all canonical adapter calls
  ---
  duration_ms: 0.621125
  type: 'test'
  ...
# Subtest: late packet preparation and approval callbacks are ignored before authorization or commit side effects
ok 237 - late packet preparation and approval callbacks are ignored before authorization or commit side effects
  ---
  duration_ms: 2.902875
  type: 'test'
  ...
# Subtest: cancel during a pending commit ignores its callback and the guarded service never reaches its adapter
ok 238 - cancel during a pending commit ignores its callback and the guarded service never reaches its adapter
  ---
  duration_ms: 0.688667
  type: 'test'
  ...
# Subtest: duplicate approval while committing is rejected and invokes commit once
ok 239 - duplicate approval while committing is rejected and invokes commit once
  ---
  duration_ms: 0.569166
  type: 'test'
  ...
# Subtest: commit failure is terminal without a canonical success outcome
ok 240 - commit failure is terminal without a canonical success outcome
  ---
  duration_ms: 0.315333
  type: 'test'
  ...
# Subtest: refresh and Git failures remain separate from immutable canonical success and retry without recommit
ok 241 - refresh and Git failures remain separate from immutable canonical success and retry without recommit
  ---
  duration_ms: 1.044583
  type: 'test'
  ...
# Subtest: cancel during refresh invalidates late refresh and Git callbacks while preserving canonical success
ok 242 - cancel during refresh invalidates late refresh and Git callbacks while preserving canonical success
  ---
  duration_ms: 0.615
  type: 'test'
  ...
# Subtest: recovery reconstructs committed and no-change outcomes without rerunning provider, approval, or commit
ok 243 - recovery reconstructs committed and no-change outcomes without rerunning provider, approval, or commit
  ---
  duration_ms: 0.350167
  type: 'test'
  ...
# Subtest: approval callback is privately bound to run, revision, operation, packet, and approval identity
ok 244 - approval callback is privately bound to run, revision, operation, packet, and approval identity
  ---
  duration_ms: 1.251541
  type: 'test'
  ...
# Subtest: cancelled refresh and Git follow-up state persists and recovery cannot resurrect pending callbacks
ok 245 - cancelled refresh and Git follow-up state persists and recovery cannot resurrect pending callbacks
  ---
  duration_ms: 1.994125
  type: 'test'
  ...
# Subtest: duplicate approval callback emits one deterministic audit and repeated delivery is side-effect free
ok 246 - duplicate approval callback emits one deterministic audit and repeated delivery is side-effect free
  ---
  duration_ms: 0.608375
  type: 'test'
  ...
# Subtest: refresh and Git adapter entry is identity-guarded after cancellation
ok 247 - refresh and Git adapter entry is identity-guarded after cancellation
  ---
  duration_ms: 3.676375
  type: 'test'
  ...
# Subtest: invalid cancel validates before token invalidation and leaves retry capability intact
ok 248 - invalid cancel validates before token invalidation and leaves retry capability intact
  ---
  duration_ms: 0.722041
  type: 'test'
  ...
# Subtest: cancel and retry commands are privately identity-bound and stale or duplicate delivery audits once
ok 249 - cancel and retry commands are privately identity-bound and stale or duplicate delivery audits once
  ---
  duration_ms: 2.168166
  type: 'test'
  ...
# Subtest: serialized durable saves make cancelled follow-up win over an earlier suspended save
ok 250 - serialized durable saves make cancelled follow-up win over an earlier suspended save
  ---
  duration_ms: 3.7445
  type: 'test'
  ...
# Subtest: raw stale approval intent cannot rebind to the replacement run and raw boundary is exact
ok 251 - raw stale approval intent cannot rebind to the replacement run and raw boundary is exact
  ---
  duration_ms: 0.746083
  type: 'test'
  ...
# Subtest: mismatched authorization terminalizes authorizing and invalidates the callback capability
ok 252 - mismatched authorization terminalizes authorizing and invalidates the callback capability
  ---
  duration_ms: 3.633458
  type: 'test'
  ...
# Subtest: stale commit result cannot become canonical success
ok 253 - stale commit result cannot become canonical success
  ---
  duration_ms: 0.265083
  type: 'test'
  ...
# LLMWiki UI recovery tests passed.
# Subtest: SYSTEM/AI/Skills/prodigy-review/tests/knowledge/test_llmwiki_ui_recovery.js
ok 24 - SYSTEM/AI/Skills/prodigy-review/tests/knowledge/test_llmwiki_ui_recovery.js
  ---
  duration_ms: 43.981292
  type: 'test'
  ...
# Subtest: on-disk A create → B approved supplement → existing verified reader and Wiki candidate reuse
ok 255 - on-disk A create → B approved supplement → existing verified reader and Wiki candidate reuse
  ---
  duration_ms: 95.957541
  type: 'test'
  ...
# Subtest: stale source refuses the approved update without overwriting current bytes
ok 256 - stale source refuses the approved update without overwriting current bytes
  ---
  duration_ms: 23.611792
  type: 'test'
  ...
# Subtest: stale target refuses the approved update without overwriting current bytes
ok 257 - stale target refuses the approved update without overwriting current bytes
  ---
  duration_ms: 20.756541
  type: 'test'
  ...
# Subtest: immutable authority failure resumes without duplicate write; subsequent user edit=false
ok 258 - immutable authority failure resumes without duplicate write; subsequent user edit=false
  ---
  duration_ms: 49.628292
  type: 'test'
  ...
# Subtest: immutable authority failure resumes without duplicate write; subsequent user edit=true
ok 259 - immutable authority failure resumes without duplicate write; subsequent user edit=true
  ---
  duration_ms: 34.321542
  type: 'test'
  ...
# Subtest: prepared authority audit finalization failure resumes without rewriting Markdown
ok 260 - prepared authority audit finalization failure resumes without rewriting Markdown
  ---
  duration_ms: 31.25675
  type: 'test'
  ...
# Subtest: cloned approval authority cannot authorize changed claim/source bindings
ok 261 - cloned approval authority cannot authorize changed claim/source bindings
  ---
  duration_ms: 16.859792
  type: 'test'
  ...
# Subtest: recorded six-condition proposal reaches final canonical Markdown through official approval and reader
ok 262 - recorded six-condition proposal reaches final canonical Markdown through official approval and reader
  ---
  duration_ms: 16.327042
  type: 'test'
  ...
# Subtest: recorded unresolved conflict remains intact and is ineligible for canonical promotion
ok 263 - recorded unresolved conflict remains intact and is ineligible for canonical promotion
  ---
  duration_ms: 3.397166
  type: 'test'
  ...
# Subtest: immutable entry persisted before head update failure resumes the same approval without duplicate entry
ok 264 - immutable entry persisted before head update failure resumes the same approval without duplicate entry
  ---
  duration_ms: 30.35725
  type: 'test'
  ...
# Subtest: source changed during audit preparation is rechecked before any canonical write
ok 265 - source changed during audit preparation is rechecked before any canonical write
  ---
  duration_ms: 14.944416
  type: 'test'
  ...
# Subtest: pending immutable head repair cannot overwrite a later user edit or rewrite audit entries
ok 266 - pending immutable head repair cannot overwrite a later user edit or rewrite audit entries
  ---
  duration_ms: 15.870417
  type: 'test'
  ...
# Subtest: canonical create immutable authority failure must resume verified authority rather than return a false duplicate
ok 267 - canonical create immutable authority failure must resume verified authority rather than return a false duplicate
  ---
  duration_ms: 8.838625
  type: 'test'
  ...
# Subtest: canonical create rejects source change during prepared audit before writing Markdown
ok 268 - canonical create rejects source change during prepared audit before writing Markdown
  ---
  duration_ms: 3.66975
  type: 'test'
  ...
# Subtest: canonical create rechecks a new Wiki link removed during audit preparation
ok 269 - canonical create rechecks a new Wiki link removed during audit preparation
  ---
  duration_ms: 5.236375
  type: 'test'
  ...
# Subtest: first canonical create append_throw returns pending and explicit retry repairs authority
ok 270 - first canonical create append_throw returns pending and explicit retry repairs authority
  ---
  duration_ms: 8.908417
  type: 'test'
  ...
# Subtest: first canonical create first_head_create returns pending and explicit retry repairs authority
ok 271 - first canonical create first_head_create returns pending and explicit retry repairs authority
  ---
  duration_ms: 6.983042
  type: 'test'
  ...
# Subtest: private update approval binds canonical identity, revision, exact bytes, evidence, and exact restore compensation
ok 272 - private update approval binds canonical identity, revision, exact bytes, evidence, and exact restore compensation
  ---
  duration_ms: 35.882375
  type: 'test'
  ...
# Subtest: deterministic commit atomically replaces the exact update target once, verifies bytes, preserves mode and unrelated files, and replays with zero writes
ok 273 - deterministic commit atomically replaces the exact update target once, verifies bytes, preserves mode and unrelated files, and replays with zero writes
  ---
  duration_ms: 20.212083
  type: 'test'
  ...
# Subtest: stale external bytes fail immediately before write without consuming approval and can retry after exact restoration
ok 274 - stale external bytes fail immediately before write without consuming approval and can retry after exact restoration
  ---
  duration_ms: 21.031833
  type: 'test'
  ...
# Subtest: path escape, symlink, raw, proxy, accessor, and oversized inputs reject without replacement
ok 275 - path escape, symlink, raw, proxy, accessor, and oversized inputs reject without replacement
  ---
  duration_ms: 229.515291
  type: 'test'
  ...
# Subtest: concurrent drift, misleading success, and interruption before or after replace fail closed; only known exact post-replace bytes can be restored
ok 276 - concurrent drift, misleading success, and interruption before or after replace fail closed; only known exact post-replace bytes can be restored
  ---
  duration_ms: 11.299792
  type: 'test'
  ...
# Subtest: explicit selected source is searchable with body and locator, never verified or ambient INBOX
ok 277 - explicit selected source is searchable with body and locator, never verified or ambient INBOX
  ---
  duration_ms: 26.408208
  type: 'test'
  ...
# Subtest: existing browse modes share query types and no-match is not a scope error
ok 278 - existing browse modes share query types and no-match is not a scope error
  ---
  duration_ms: 4.87
  type: 'test'
  ...
# Subtest: selected source question carries bounded evidence and locator; no match abstains before transport
ok 279 - selected source question carries bounded evidence and locator; no match abstains before transport
  ---
  duration_ms: 11.595667
  type: 'test'
  ...
# Subtest: bounded passages preserve neighbouring exceptions and cite the actual quoted line
ok 280 - bounded passages preserve neighbouring exceptions and cite the actual quoted line
  ---
  duration_ms: 20.842625
  type: 'test'
  ...
# Subtest: proposal and review document preserve every grounded condition and unresolved review note
ok 281 - proposal and review document preserve every grounded condition and unresolved review note
  ---
  duration_ms: 16.910125
  type: 'test'
  ...
# Subtest: conversation forwards history as context with explicit source scope and no invented evidence
ok 282 - conversation forwards history as context with explicit source scope and no invented evidence
  ---
  duration_ms: 11.31025
  type: 'test'
  ...
# Subtest: verified Wiki context requires actual finalized reader authority and exact current bytes
ok 283 - verified Wiki context requires actual finalized reader authority and exact current bytes
  ---
  duration_ms: 37.688041
  type: 'test'
  ...
# Subtest: verified answer proposal restores accepted claim lineage to original source, never Wiki-as-source
ok 284 - verified answer proposal restores accepted claim lineage to original source, never Wiki-as-source
  ---
  duration_ms: 27.29025
  type: 'test'
  ...
# Subtest: populated verified Wiki context excludes frontmatter hashes without losing exact body locators
ok 285 - populated verified Wiki context excludes frontmatter hashes without losing exact body locators
  ---
  duration_ms: 8.921792
  type: 'test'
  ...
# Subtest: current Runtime boundary receives zero requests for selected synthetic protected sources
ok 286 - current Runtime boundary receives zero requests for selected synthetic protected sources
  ---
  duration_ms: 1.715208
  type: 'test'
  ...
# Subtest: current Runtime response reaches the real parser and forbidden write authority is rejected
ok 287 - current Runtime response reaches the real parser and forbidden write authority is rejected
  ---
  duration_ms: 3.116875
  type: 'test'
  ...
# {"reason":"provider_schema_invalid","runtime_calls":1,"actual_vault_writes":0,"consent_grants":0}
# Subtest: buildSnapshot is path-stable, hashed, frozen, and trust-separated
ok 288 - buildSnapshot is path-stable, hashed, frozen, and trust-separated
  ---
  duration_ms: 14.560292
  type: 'test'
  ...
# Subtest: browseRead defaults to verified, explicitly intersects literature/pending facets, and resets
ok 289 - browseRead defaults to verified, explicitly intersects literature/pending facets, and resets
  ---
  duration_ms: 4.437459
  type: 'test'
  ...
# Subtest: browseRead delegates only non-empty queries and rejects unsafe selections
ok 290 - browseRead delegates only non-empty queries and rejects unsafe selections
  ---
  duration_ms: 4.714166
  type: 'test'
  ...
# Subtest: finalized immutable audit produces exactly one verified browse row
ok 291 - finalized immutable audit produces exactly one verified browse row
  ---
  duration_ms: 37.445
  type: 'test'
  ...
# Subtest: service publishes on an agreeing two-pass revision and hydrates with cache and stale discard
ok 292 - service publishes on an agreeing two-pass revision and hydrates with cache and stale discard
  ---
  duration_ms: 15.212666
  type: 'test'
  ...
# Subtest: service refuses to publish mismatched metadata passes and never invokes body/provider writers
ok 293 - service refuses to publish mismatched metadata passes and never invokes body/provider writers
  ---
  duration_ms: 4.367416
  type: 'test'
  ...
# Subtest: publishes only an agreeing two-pass snapshot and keeps trust rows separated
ok 294 - publishes only an agreeing two-pass snapshot and keeps trust rows separated
  ---
  duration_ms: 16.403625
  type: 'test'
  ...
# Subtest: rejects mismatched publication metadata without exposing a current snapshot
ok 295 - rejects mismatched publication metadata without exposing a current snapshot
  ---
  duration_ms: 1.0665
  type: 'test'
  ...
# Subtest: revalidates cached body reads and discards cached bytes after a revision change
ok 296 - revalidates cached body reads and discards cached bytes after a revision change
  ---
  duration_ms: 5.280292
  type: 'test'
  ...
# Subtest: fails closed for unsafe, unknown, and stale-row hydration requests
ok 297 - fails closed for unsafe, unknown, and stale-row hydration requests
  ---
  duration_ms: 2.130167
  type: 'test'
  ...
# Subtest: plan group renders one readable Wiki result in source order
ok 298 - plan group renders one readable Wiki result in source order
  ---
  duration_ms: 9.001042
  type: 'test'
  ...
# Subtest: compiled rows replace page-plan cards with actual Wiki documents
ok 299 - compiled rows replace page-plan cards with actual Wiki documents
  ---
  duration_ms: 0.966875
  type: 'test'
  ...
# Subtest: Wiki result keeps review controls without duplicating generic plan rows
ok 300 - Wiki result keeps review controls without duplicating generic plan rows
  ---
  duration_ms: 0.768041
  type: 'test'
  ...
# Subtest: plan mismatch renders one explicit recommended-title action
ok 301 - plan mismatch renders one explicit recommended-title action
  ---
  duration_ms: 0.285292
  type: 'test'
  ...
# Subtest: Wiki result ships a dedicated responsive visual hierarchy
ok 302 - Wiki result ships a dedicated responsive visual hierarchy
  ---
  duration_ms: 0.243083
  type: 'test'
  ...
# Subtest: empty plans render a source-only result without dead controls
ok 303 - empty plans render a source-only result without dead controls
  ---
  duration_ms: 0.160292
  type: 'test'
  ...
# Subtest: excluded pages leave the reading order and remain recoverable
ok 304 - excluded pages leave the reading order and remain recoverable
  ---
  duration_ms: 0.236791
  type: 'test'
  ...
# Subtest: Wiki result shows only readable canonical relations
ok 305 - Wiki result shows only readable canonical relations
  ---
  duration_ms: 0.254792
  type: 'test'
  ...
# Subtest: clicking a verified canonical v2 result opens hydrated detail in an Obsidian modal while legacy rows stay excluded
ok 306 - clicking a verified canonical v2 result opens hydrated detail in an Obsidian modal while legacy rows stay excluded
  ---
  duration_ms: 59.452583
  type: 'test'
  ...
# Subtest: compact modal keeps its sticky close footer inside the native dialog
ok 307 - compact modal keeps its sticky close footer inside the native dialog
  ---
  duration_ms: 0.294041
  type: 'test'
  ...
# Subtest: fourth-tab browse surface renders read-only facets, selection, and hydrated detail
ok 308 - fourth-tab browse surface renders read-only facets, selection, and hydrated detail
  ---
  duration_ms: 2.170375
  type: 'test'
  ...
# Subtest: inactive Knowledge tab does not retain zero-sized native controls and remounts from retained state when shown
ok 309 - inactive Knowledge tab does not retain zero-sized native controls and remounts from retained state when shown
  ---
  duration_ms: 0.533375
  type: 'test'
  ...
# Subtest: facet changes clear detail selection and stale reads render an explicit stale state
ok 310 - facet changes clear detail selection and stale reads render an explicit stale state
  ---
  duration_ms: 0.4675
  type: 'test'
  ...
# Subtest: late hydration cannot repopulate cleared selection after a mode change
ok 311 - late hydration cannot repopulate cleared selection after a mode change
  ---
  duration_ms: 1.865292
  type: 'test'
  ...
# Subtest: review failure preserves branded answer and retries the same handoff without duplicate requests
ok 312 - review failure preserves branded answer and retries the same handoff without duplicate requests
  ---
  duration_ms: 1.092417
  type: 'test'
  ...
# Subtest: thrown review handoff errors preserve the answer and allow an explicit retry
ok 313 - thrown review handoff errors preserve the answer and allow an explicit retry
  ---
  duration_ms: 0.578083
  type: 'test'
  ...
# Subtest: prepared proposal without a review controller is not reported as review ready
ok 314 - prepared proposal without a review controller is not reported as review ready
  ---
  duration_ms: 1.645166
  type: 'test'
  ...
# Subtest: conversation preserves navigation state, retries once and excludes removed-scope history
ok 315 - conversation preserves navigation state, retries once and excludes removed-scope history
  ---
  duration_ms: 0.523292
  type: 'test'
  ...
# Subtest: new conversation discards a late response and duplicate sends
ok 316 - new conversation discards a late response and duplicate sends
  ---
  duration_ms: 0.195125
  type: 'test'
  ...
# Subtest: Wiki chat retains structured citations, refuses overflow without dropping context and respects Korean IME
ok 317 - Wiki chat retains structured citations, refuses overflow without dropping context and respects Korean IME
  ---
  duration_ms: 1.432791
  type: 'test'
  ...
# Subtest: closed canonical review reopens the same draft without provider or approval replay
ok 318 - closed canonical review reopens the same draft without provider or approval replay
  ---
  duration_ms: 0.667958
  type: 'test'
  ...
# Subtest: changed source cannot reopen an old citation or cached proposal and preserves the old answer
ok 319 - changed source cannot reopen an old citation or cached proposal and preserves the old answer
  ---
  duration_ms: 12.564333
  type: 'test'
  ...
# Subtest: provider format failure retains the question and earlier result until an explicit retry
ok 320 - provider format failure retains the question and earlier result until an explicit retry
  ---
  duration_ms: 1.169834
  type: 'test'
  ...
1..320
# tests 327
# suites 0
# pass 327
# fail 0
# cancelled 0
# skipped 0
# todo 0
# duration_ms 2674.905708
