TAP version 13
# Subtest: identical text from two sources reaches review_ready with unique provider keys
ok 1 - identical text from two sources reaches review_ready with unique provider keys
  ---
  duration_ms: 16.080875
  type: 'test'
  ...
# Subtest: four small changed sources produce exactly one provider call
ok 2 - four small changed sources produce exactly one provider call
  ---
  duration_ms: 8.049625
  type: 'test'
  ...
# Subtest: exact rerun with same hashes and request key makes zero provider calls
ok 3 - exact rerun with same hashes and request key makes zero provider calls
  ---
  duration_ms: 8.579042
  type: 'test'
  ...
# Subtest: v1 cache intentionally misses once under v2 identity, then exact v2 replay is zero-call
ok 4 - v1 cache intentionally misses once under v2 identity, then exact v2 replay is zero-call
  ---
  duration_ms: 5.73025
  type: 'test'
  ...
# Subtest: semantic 65-unit rejection reaches no transport call
ok 5 - semantic 65-unit rejection reaches no transport call
  ---
  duration_ms: 1.455833
  type: 'test'
  ...
# Subtest: explicit retry reuses exact repeated chunks while preserving parent history
ok 6 - explicit retry reuses exact repeated chunks while preserving parent history
  ---
  duration_ms: 36.034208
  type: 'test'
  ...
# Subtest: model, schema, prompt-version, context, or source change causes an intentional miss
ok 7 - model, schema, prompt-version, context, or source change causes an intentional miss
  ---
  duration_ms: 6.539917
  type: 'test'
  ...
# Subtest: 100 KiB INBOX source uses one bounded exact-prefix routing chunk while retaining its full revision
ok 8 - 100 KiB INBOX source uses one bounded exact-prefix routing chunk while retaining its full revision
  ---
  duration_ms: 33.931083
  type: 'test'
  ...
# Subtest: analysis_text rejects non-prefix, oversized, and split-surrogate excerpts
ok 9 - analysis_text rejects non-prefix, oversized, and split-surrogate excerpts
  ---
  duration_ms: 0.245084
  type: 'test'
  ...
# Subtest: sources without analysis_text retain full-text analysis
ok 10 - sources without analysis_text retain full-text analysis
  ---
  duration_ms: 287.672042
  type: 'test'
  ...
# Subtest: pack 3 failure preserves packs 1-2 through restart and makes no fourth call
ok 11 - pack 3 failure preserves packs 1-2 through restart and makes no fourth call
  ---
  duration_ms: 80.809208
  type: 'test'
  ...
# Subtest: candidate ranking is bounded at 8 and outbound projection at top 5 / 4 KiB
ok 12 - candidate ranking is bounded at 8 and outbound projection at top 5 / 4 KiB
  ---
  duration_ms: 1.213292
  type: 'test'
  ...
# Subtest: all-hits replay over a content-incomplete whole-source artifact misses once under the coverage-carrying identity and refuses review_ready with named keys
ok 13 - all-hits replay over a content-incomplete whole-source artifact misses once under the coverage-carrying identity and refuses review_ready with named keys
  ---
  duration_ms: 5.459292
  type: 'test'
  ...
# Subtest: exact all-hits replay is flagged replay_only when whole-source coverage is complete
ok 14 - exact all-hits replay is flagged replay_only when whole-source coverage is complete
  ---
  duration_ms: 1.373792
  type: 'test'
  ...
# Subtest: batchId remains deterministic under valid row reordering
ok 15 - batchId remains deterministic under valid row reordering
  ---
  duration_ms: 2.340875
  type: 'test'
  ...
# Subtest: all six states round-trip exactly
ok 16 - all six states round-trip exactly
  ---
  duration_ms: 1.36275
  type: 'test'
  ...
# Subtest: batch/run/pack ids are deterministic hashes of revisions plus request key
ok 17 - batch/run/pack ids are deterministic hashes of revisions plus request key
  ---
  duration_ms: 0.620791
  type: 'test'
  ...
# Subtest: batchId strictly validates every source row and fails closed with named errors
ok 18 - batchId strictly validates every source row and fails closed with named errors
  ---
  duration_ms: 0.431209
  type: 'test'
  ...
# Subtest: duplicate job/pack submissions are idempotent; conflicting hashes fail closed
ok 19 - duplicate job/pack submissions are idempotent; conflicting hashes fail closed
  ---
  duration_ms: 0.708875
  type: 'test'
  ...
# Subtest: settled synthetic job cleanup removes only its exact job plan and packs
ok 20 - settled synthetic job cleanup removes only its exact job plan and packs
  ---
  duration_ms: 0.991208
  type: 'test'
  ...
# Subtest: unstarted discovery job cleanup requires an exact source revision and no artifacts
ok 21 - unstarted discovery job cleanup requires an exact source revision and no artifacts
  ---
  duration_ms: 0.183916
  type: 'test'
  ...
# Subtest: corrupt state file is quarantined and never touches canonical paths
ok 22 - corrupt state file is quarantined and never touches canonical paths
  ---
  duration_ms: 0.110417
  type: 'test'
  ...
# Subtest: legacy completed proposals import without replaying provider or approval effects
ok 23 - legacy completed proposals import without replaying provider or approval effects
  ---
  duration_ms: 0.302541
  type: 'test'
  ...
# Subtest: old-schema receipts are historical and never hit new-schema lookups
ok 24 - old-schema receipts are historical and never hit new-schema lookups
  ---
  duration_ms: 0.436666
  type: 'test'
  ...
# Subtest: restart maps running-without-receipt jobs to outcome_unknown with zero provider calls and zero writes
ok 25 - restart maps running-without-receipt jobs to outcome_unknown with zero provider calls and zero writes
  ---
  duration_ms: 1.416583
  type: 'test'
  ...
# Subtest: failed persistence rolls memory back to the last durable state
ok 26 - failed persistence rolls memory back to the last durable state
  ---
  duration_ms: 0.219958
  type: 'test'
  ...
# Subtest: node storage persists atomically under gitignored SYSTEM/CACHE/llmwiki and survives reopen
ok 27 - node storage persists atomically under gitignored SYSTEM/CACHE/llmwiki and survives reopen
  ---
  duration_ms: 0.844667
  type: 'test'
  ...
# Subtest: plan snapshots list every source deterministically without exposing mutable state
ok 28 - plan snapshots list every source deterministically without exposing mutable state
  ---
  duration_ms: 6.675916
  type: 'test'
  ...
# Subtest: page-plan snapshot survives restart without provider replay
ok 29 - page-plan snapshot survives restart without provider replay
  ---
  duration_ms: 0.290334
  type: 'test'
  ...
# Subtest: page-plan snapshot preserves immutable history when inventory identity changes
ok 30 - page-plan snapshot preserves immutable history when inventory identity changes
  ---
  duration_ms: 0.513125
  type: 'test'
  ...
# Subtest: page-plan snapshot rejects stale source binding and non-monotonic revision
ok 31 - page-plan snapshot rejects stale source binding and non-monotonic revision
  ---
  duration_ms: 0.421
  type: 'test'
  ...
# Subtest: compact schema is strict, pack-atomic, and free of model authority fields
ok 32 - compact schema is strict, pack-atomic, and free of model authority fields
  ---
  duration_ms: 0.876292
  type: 'test'
  ...
# Subtest: semantic document extraction accepts multiple evidence items and preserves their local topics
ok 33 - semantic document extraction accepts multiple evidence items and preserves their local topics
  ---
  duration_ms: 2.22575
  type: 'test'
  ...
# Subtest: semantic mode requires every Todo 1 semantic key exactly once and keeps keyed holds as analysis data
ok 34 - semantic mode requires every Todo 1 semantic key exactly once and keeps keyed holds as analysis data
  ---
  duration_ms: 0.759375
  type: 'test'
  ...
# Subtest: semantic unit bound permits 64 items and rejects 65 before transport
ok 35 - semantic unit bound permits 64 items and rejects 65 before transport
  ---
  duration_ms: 5.578792
  type: 'test'
  ...
# Subtest: deterministic evidence keys recover the exact local quote even when model copy drifts
ok 36 - deterministic evidence keys recover the exact local quote even when model copy drifts
  ---
  duration_ms: 0.228
  type: 'test'
  ...
# Subtest: happy path anchors one CJK+emoji quote uniquely and derives local span provenance
ok 37 - happy path anchors one CJK+emoji quote uniquely and derives local span provenance
  ---
  duration_ms: 0.737875
  type: 'test'
  ...
# Subtest: source routing mode sends path context but accepts exactly one lifecycle item per source
ok 38 - source routing mode sends path context but accepts exactly one lifecycle item per source
  ---
  duration_ms: 0.249083
  type: 'test'
  ...
# Subtest: source routing no-change is the only zero-item terminal result
ok 39 - source routing no-change is the only zero-item terminal result
  ---
  duration_ms: 0.125542
  type: 'test'
  ...
# Subtest: folded whitespace quote preserves the exact source slice and deterministic span alias
ok 40 - folded whitespace quote preserves the exact source slice and deterministic span alias
  ---
  duration_ms: 0.295458
  type: 'test'
  ...
# Subtest: folded whitespace duplicates remain non-unique and paraphrases remain not-found
ok 41 - folded whitespace duplicates remain non-unique and paraphrases remain not-found
  ---
  duration_ms: 0.197125
  type: 'test'
  ...
# Subtest: pack is atomic: missing chunk result fails the whole pack with zero artifacts and one call
ok 42 - pack is atomic: missing chunk result fails the whole pack with zero artifacts and one call
  ---
  duration_ms: 0.124333
  type: 'test'
  ...
# Subtest: duplicate chunk key fails the pack atomically
ok 43 - duplicate chunk key fails the pack atomically
  ---
  duration_ms: 0.115167
  type: 'test'
  ...
# Subtest: non-unique evidence quote fails the pack without a second call
ok 44 - non-unique evidence quote fails the pack without a second call
  ---
  duration_ms: 0.080833
  type: 'test'
  ...
# Subtest: unknown field anywhere in the response fails the pack
ok 45 - unknown field anywhere in the response fails the pack
  ---
  duration_ms: 0.077292
  type: 'test'
  ...
# Subtest: forbidden authority fields fail the pack even before item validation
ok 46 - forbidden authority fields fail the pack even before item validation
  ---
  duration_ms: 0.108042
  type: 'test'
  ...
# Subtest: related_candidate_ids outside the allowlist fail the pack
ok 47 - related_candidate_ids outside the allowlist fail the pack
  ---
  duration_ms: 0.228958
  type: 'test'
  ...
# Subtest: related candidate count, bytes, pattern, and uniqueness fail atomically without truncation
ok 48 - related candidate count, bytes, pattern, and uniqueness fail atomically without truncation
  ---
  duration_ms: 0.223916
  type: 'test'
  ...
# Subtest: oversized total response fails atomically before any artifact can be cached or persisted
ok 49 - oversized total response fails atomically before any artifact can be cached or persisted
  ---
  duration_ms: 1.537375
  type: 'test'
  ...
# Subtest: malformed top-level JSON fails as a named reason with exactly one call
ok 50 - malformed top-level JSON fails as a named reason with exactly one call
  ---
  duration_ms: 0.135125
  type: 'test'
  ...
# Subtest: provider failures keep named machine reasons and zero retries
ok 51 - provider failures keep named machine reasons and zero retries
  ---
  duration_ms: 0.182041
  type: 'test'
  ...
# Subtest: abort race: abort after egress but before validation reports one call; pre-request abort reports zero
ok 52 - abort race: abort after egress but before validation reports one call; pre-request abort reports zero
  ---
  duration_ms: 0.142125
  type: 'test'
  ...
# Subtest: identical text and span under two different chunk keys yield distinct deterministic aliases
ok 53 - identical text and span under two different chunk keys yield distinct deterministic aliases
  ---
  duration_ms: 0.231917
  type: 'test'
  ...
# Subtest: cancellation fails the pack without calling the transport
ok 54 - cancellation fails the pack without calling the transport
  ---
  duration_ms: 0.042291
  type: 'test'
  ...
# Subtest: batch provider crosses the consumer runtime boundary once with allowlisted options only
ok 55 - batch provider crosses the consumer runtime boundary once with allowlisted options only
  ---
  duration_ms: 0.121875
  type: 'test'
  ...
# Subtest: request carries no feature-specific selector, repair markers, or secrets
ok 56 - request carries no feature-specific selector, repair markers, or secrets
  ---
  duration_ms: 3.730208
  type: 'test'
  ...
# Subtest: property fuzz: valid unicode quotes anchor; duplicate or absent quotes never pass
ok 57 - property fuzz: valid unicode quotes anchor; duplicate or absent quotes never pass
  ---
  duration_ms: 0.46025
  type: 'test'
  ...
# Subtest: module size stays within budget
ok 58 - module size stays within budget
  ---
  duration_ms: 0.293875
  type: 'test'
  ...
# TASK2_ASSERT candidate_handoff=1 canonical_writes=0
# TASK2_GUARDS rejections=12 unbranded_controls=4 writerCalls=0 existing_hash=1cd263f1102656dd6b6cf1d626d1a96f9eba0406af3cb2a52560d473d4801052 existing_mtime_ms=1767323045000
# Subtest: Given one saved Candidate, When approval starts, Then only an exact LLM Wiki review handoff occurs
ok 59 - Given one saved Candidate, When approval starts, Then only an exact LLM Wiki review handoff occurs
  ---
  duration_ms: 2.082875
  type: 'test'
  ...
# Subtest: Given a safe canonical title, When the shared target contract resolves it, Then the target is accepted only under ZETA/PERMANENT
ok 60 - Given a safe canonical title, When the shared target contract resolves it, Then the target is accepted only under ZETA/PERMANENT
  ---
  duration_ms: 0.170292
  type: 'test'
  ...
# Subtest: Given unregistered Knowledge taxonomy, When canonical preview assembly runs, Then it rejects before adapter writes
ok 61 - Given unregistered Knowledge taxonomy, When canonical preview assembly runs, Then it rejects before adapter writes
  ---
  duration_ms: 2.987875
  type: 'test'
  ...
# Subtest: Given a canonical preview with instruction-like body text, When an approved create commits, Then only exact packet bytes reach ZETA
ok 62 - Given a canonical preview with instruction-like body text, When an approved create commits, Then only exact packet bytes reach ZETA
  ---
  duration_ms: 7.919333
  type: 'test'
  ...
# Subtest: Given forbidden caller targets and malformed canonical documents, When packet assembly runs, Then every case rejects before writes
ok 63 - Given forbidden caller targets and malformed canonical documents, When packet assembly runs, Then every case rejects before writes
  ---
  duration_ms: 1.539666
  type: 'test'
  ...
# Subtest: Given an existing canonical target collision after approval, When create commit rechecks live bytes, Then mtime and hash remain unchanged
ok 64 - Given an existing canonical target collision after approval, When create commit rechecks live bytes, Then mtime and hash remain unchanged
  ---
  duration_ms: 4.192792
  type: 'test'
  ...
# TASK6_ASSERT exact_bytes=1 target=ZETA/PERMANENT/검증된 독서 원칙.md after_sha256=403dc82950797fc99af045fe3e83e2dfd0ecac76cea9c7630ed61c65e152bf3d reads=1 writes=0
# TASK6_ASSERT identity_mutations=7 rejected=7
# TASK6_ASSERT collision_status=stale_reconfirm_required old_unchanged=1 replacement_target=ZETA/PERMANENT/검증된 독서 원칙 2.md writes=0
# TASK6_ASSERT malformed_cases=8 zero_write_cases=8
# Subtest: Given one approved create and an injected live-byte adapter, When a canonical packet is assembled, Then exact shared serializer bytes and every trust binding are present
ok 65 - Given one approved create and an injected live-byte adapter, When a canonical packet is assembled, Then exact shared serializer bytes and every trust binding are present
  ---
  duration_ms: 6.173291
  type: 'test'
  ...
# Subtest: Given an exact packet, When target, property, before, after, provenance, consent, or revision changes, Then each mutation has a different identity and stale hashes reject
    # Subtest: target
    ok 1 - target
      ---
      duration_ms: 0.511625
      type: 'test'
      ...
    # Subtest: property
    ok 2 - property
      ---
      duration_ms: 0.360166
      type: 'test'
      ...
    # Subtest: before
    ok 3 - before
      ---
      duration_ms: 0.32975
      type: 'test'
      ...
    # Subtest: after
    ok 4 - after
      ---
      duration_ms: 0.358584
      type: 'test'
      ...
    # Subtest: provenance
    ok 5 - provenance
      ---
      duration_ms: 0.3
      type: 'test'
      ...
    # Subtest: consent
    ok 6 - consent
      ---
      duration_ms: 0.301875
      type: 'test'
      ...
    # Subtest: revision
    ok 7 - revision
      ---
      duration_ms: 0.282625
      type: 'test'
      ...
    1..7
ok 66 - Given an exact packet, When target, property, before, after, provenance, consent, or revision changes, Then each mutation has a different identity and stale hashes reject
  ---
  duration_ms: 3.438625
  type: 'test'
  ...
# Subtest: Given a create target that becomes occupied, When the packet is reassembled from live bytes, Then a new unique target and packet require reconfirmation without mutating the collision
ok 67 - Given a create target that becomes occupied, When the packet is reassembled from live bytes, Then a new unique target and packet require reconfirmation without mutating the collision
  ---
  duration_ms: 1.156875
  type: 'test'
  ...
# Subtest: Given a future existing-target operation, When assembled, Then exact live before bytes are bound but authorization remains disabled
ok 68 - Given a future existing-target operation, When assembled, Then exact live before bytes are bound but authorization remains disabled
  ---
  duration_ms: 1.096083
  type: 'test'
  ...
# Subtest: Given malformed title, target, property, source, or citation input, When assembly is attempted, Then it fails before every write
ok 69 - Given malformed title, target, property, source, or citation input, When assembly is attempted, Then it fails before every write
  ---
  duration_ms: 0.4865
  type: 'test'
  ...
# Subtest: serialized canonical operation fixtures retain their parser-owned identity
ok 70 - serialized canonical operation fixtures retain their parser-owned identity
  ---
  duration_ms: 0.056541
  type: 'test'
  ...
# Subtest: raw and copied canonical authorization records remain rejected before live reads
ok 71 - raw and copied canonical authorization records remain rejected before live reads
  ---
  duration_ms: 0.128083
  type: 'test'
  ...
# Subtest: canonical assembly applies the exact private packet authorization transform
ok 72 - canonical assembly applies the exact private packet authorization transform
  ---
  duration_ms: 0.532833
  type: 'test'
  ...
# Subtest: real packet tamper preserves the private operation identity and remains packet_tampered
ok 73 - real packet tamper preserves the private operation identity and remains packet_tampered
  ---
  duration_ms: 0.590375
  type: 'test'
  ...
# Subtest: Given instruction-shaped source text, When a create packet is assembled, Then the text remains inert provenance and cannot expand canonical properties
ok 74 - Given instruction-shaped source text, When a create packet is assembled, Then the text remains inert provenance and cannot expand canonical properties
  ---
  duration_ms: 0.659875
  type: 'test'
  ...
# Subtest: canonical v2 authorization binds full accepted ClaimSet and locally evaluated promotion receipt into exact bytes
ok 75 - canonical v2 authorization binds full accepted ClaimSet and locally evaluated promotion receipt into exact bytes
  ---
  duration_ms: 11.284875
  type: 'test'
  ...
# Subtest: approved v2 create writes exact packet bytes only after finalized audit and immutable authority
ok 76 - approved v2 create writes exact packet bytes only after finalized audit and immutable authority
  ---
  duration_ms: 8.778125
  type: 'test'
  ...
# Subtest: canonical v2 uses statement only and retains legacy v1 summary compatibility
ok 77 - canonical v2 uses statement only and retains legacy v1 summary compatibility
  ---
  duration_ms: 2.984
  type: 'test'
  ...
# Subtest: v2 validates update evidence but create writer still refuses update and merge mutations
ok 78 - v2 validates update evidence but create writer still refuses update and merge mutations
  ---
  duration_ms: 10.74725
  type: 'test'
  ...
# Subtest: canonical v2 fails closed for forged authority, missing source, and stale existing targets before writes
ok 79 - canonical v2 fails closed for forged authority, missing source, and stale existing targets before writes
  ---
  duration_ms: 4.0255
  type: 'test'
  ...
# Subtest: canonical v2 trust requires one finalized immutable decision across every read surface
ok 80 - canonical v2 trust requires one finalized immutable decision across every read surface
  ---
  duration_ms: 32.553
  type: 'test'
  ...
# Subtest: exposed finalized authority cannot be mutated to verify unaudited canonical bytes
ok 81 - exposed finalized authority cannot be mutated to verify unaudited canonical bytes
  ---
  duration_ms: 11.776583
  type: 'test'
  ...
# Subtest: finalized authority display views are detached and recursively immutable
ok 82 - finalized authority display views are detached and recursively immutable
  ---
  duration_ms: 7.965333
  type: 'test'
  ...
# Subtest: raw authority, labels, clones, mismatches, stale state, and inactive revisions fail closed
ok 83 - raw authority, labels, clones, mismatches, stale state, and inactive revisions fail closed
  ---
  duration_ms: 7.880084
  type: 'test'
  ...
# Subtest: approved update finalizes a new canonical v2 revision that resurfaces once while revision 1 stays muted
ok 84 - approved update finalizes a new canonical v2 revision that resurfaces once while revision 1 stays muted
  ---
  duration_ms: 18.504667
  type: 'test'
  ...
# Subtest: stale update targets zero-mutate and resurface only after exact restoration
ok 85 - stale update targets zero-mutate and resurface only after exact restoration
  ---
  duration_ms: 20.437583
  type: 'test'
  ...
# Subtest: failed authority audit leaves the trusted surface on the last finalized revision
ok 86 - failed authority audit leaves the trusted surface on the last finalized revision
  ---
  duration_ms: 15.96425
  type: 'test'
  ...
# Subtest: large mixed Unicode chunking completes within the bounded timeout
ok 87 - large mixed Unicode chunking completes within the bounded timeout
  ---
  duration_ms: 758.848083
  type: 'test'
  ...
# Subtest: strict manifest validation rejects self-consistent replacement text
ok 88 - strict manifest validation rejects self-consistent replacement text
  ---
  duration_ms: 2.778083
  type: 'test'
  ...
# Subtest: chunks cover exact UTF-16 spans without overlap and never split surrogate pairs
ok 89 - chunks cover exact UTF-16 spans without overlap and never split surrogate pairs
  ---
  duration_ms: 1.89825
  type: 'test'
  ...
# Subtest: chunk splitting follows heading, paragraph, sentence, line, then slice fallback
ok 90 - chunk splitting follows heading, paragraph, sentence, line, then slice fallback
  ---
  duration_ms: 1.489667
  type: 'test'
  ...
# Subtest: uses the last eligible boundary in the byte window and preserves deterministic exact coverage
ok 91 - uses the last eligible boundary in the byte window and preserves deterministic exact coverage
  ---
  duration_ms: 3.963291
  type: 'test'
  ...
# Subtest: semantic cache continuity survives a preceding insertion but renamed heading misses once
ok 92 - semantic cache continuity survives a preceding insertion but renamed heading misses once
  ---
  duration_ms: 1.878125
  type: 'test'
  ...
# Subtest: duplicate occurrences with an empty cache are all misses and remain analyzable
ok 93 - duplicate occurrences with an empty cache are all misses and remain analyzable
  ---
  duration_ms: 0.713958
  type: 'test'
  ...
# Subtest: identical text under different source ids has distinct instance ids
ok 94 - identical text under different source ids has distinct instance ids
  ---
  duration_ms: 0.424791
  type: 'test'
  ...
# Subtest: duplicate occurrences reuse only their exact distinct instance artifacts
ok 95 - duplicate occurrences reuse only their exact distinct instance artifacts
  ---
  duration_ms: 1.073583
  type: 'test'
  ...
# Subtest: cache and coverage quarantine corrupt persisted artifacts and preserve newest retry generation
ok 96 - cache and coverage quarantine corrupt persisted artifacts and preserve newest retry generation
  ---
  duration_ms: 1.715042
  type: 'test'
  ...
# Subtest: cancelled or superseded requests reject late cache and coverage writes
ok 97 - cancelled or superseded requests reject late cache and coverage writes
  ---
  duration_ms: 0.6105
  type: 'test'
  ...
# Subtest: coverage is durable, partial/cancelled work stays incomplete, and corrupt cache is quarantined
ok 98 - coverage is durable, partial/cancelled work stays incomplete, and corrupt cache is quarantined
  ---
  duration_ms: 4.170208
  type: 'test'
  ...
# Subtest: repeated partial restarts never report complete before the final durable receipt
ok 99 - repeated partial restarts never report complete before the final durable receipt
  ---
  duration_ms: 2.368708
  type: 'test'
  ...
# Subtest: v1 state is stale, while v2 completion is hash-bound to durable exact coverage
ok 100 - v1 state is stale, while v2 completion is hash-bound to durable exact coverage
  ---
  duration_ms: 3.156541
  type: 'test'
  ...
# Subtest: exact source substring binding derives local IDs and maps provider spans to immutable source spans
ok 101 - exact source substring binding derives local IDs and maps provider spans to immutable source spans
  ---
  duration_ms: 14.139125
  type: 'test'
  ...
# Subtest: AI derivation chains require cited local claims and research requires an ingested external snapshot
ok 102 - AI derivation chains require cited local claims and research requires an ingested external snapshot
  ---
  duration_ms: 2.551125
  type: 'test'
  ...
# Subtest: AI interpretations require derivation ancestry that reaches cited source evidence
ok 103 - AI interpretations require derivation ancestry that reaches cited source evidence
  ---
  duration_ms: 1.094375
  type: 'test'
  ...
# Subtest: provider-relative spans cannot bisect UTF-16 surrogate pairs
ok 104 - provider-relative spans cannot bisect UTF-16 surrogate pairs
  ---
  duration_ms: 1.032875
  type: 'test'
  ...
# Subtest: authorization rejects a hash-recomputed cyclic AI derivation graph despite cited ancestry
ok 105 - authorization rejects a hash-recomputed cyclic AI derivation graph despite cited ancestry
  ---
  duration_ms: 1.814
  type: 'test'
  ...
# Subtest: corrections create disputes, and claim-hash-bound actions preserve persistent AI labels
ok 106 - corrections create disputes, and claim-hash-bound actions preserve persistent AI labels
  ---
  duration_ms: 3.7325
  type: 'test'
  ...
# Subtest: forged provider IDs, fabricated citations, digest drift, and silent replacement fail closed or become selectively stale
ok 107 - forged provider IDs, fabricated citations, digest drift, and silent replacement fail closed or become selectively stale
  ---
  duration_ms: 2.295917
  type: 'test'
  ...
# Subtest: malformed input and untrusted text remain typed zero-write data
ok 108 - malformed input and untrusted text remain typed zero-write data
  ---
  duration_ms: 0.76
  type: 'test'
  ...
# Subtest: exported provenance seams reject oversized, deep, cyclic, proxy, and accessor inputs without invoking getters
ok 109 - exported provenance seams reject oversized, deep, cyclic, proxy, and accessor inputs without invoking getters
  ---
  duration_ms: 0.849542
  type: 'test'
  ...
# Subtest: prepares a new user-authorized compensation packet with exact inverse bytes
ok 110 - prepares a new user-authorized compensation packet with exact inverse bytes
  ---
  duration_ms: 4.430208
  type: 'test'
  ...
# Subtest: rejects compensation without an explicit current user action
ok 111 - rejects compensation without an explicit current user action
  ---
  duration_ms: 0.162166
  type: 'test'
  ...
# Subtest: validates immutable audit hashes and a contiguous parent chain
ok 112 - validates immutable audit hashes and a contiguous parent chain
  ---
  duration_ms: 1.441833
  type: 'test'
  ...
# Subtest: writes compensation only from compensation_committing and preserves packet trace
ok 113 - writes compensation only from compensation_committing and preserves packet trace
  ---
  duration_ms: 1.698458
  type: 'test'
  ...
# Subtest: rejects compensation outside its dedicated lifecycle state without writes
ok 114 - rejects compensation outside its dedicated lifecycle state without writes
  ---
  duration_ms: 0.533333
  type: 'test'
  ...
# Subtest: rejects live drift before all compensation writes
ok 115 - rejects live drift before all compensation writes
  ---
  duration_ms: 0.598084
  type: 'test'
  ...
# Subtest: restores completed compensation writes in reverse order after a later write fails
ok 116 - restores completed compensation writes in reverse order after a later write fails
  ---
  duration_ms: 1.637583
  type: 'test'
  ...
# Subtest: fails closed with recovery details when compensation restoration fails
ok 117 - fails closed with recovery details when compensation restoration fails
  ---
  duration_ms: 1.332416
  type: 'test'
  ...
# Subtest: restores every target when immutable audit persistence fails after writes
ok 118 - restores every target when immutable audit persistence fails after writes
  ---
  duration_ms: 2.461292
  type: 'test'
  ...
# Subtest: rejects missing or changed live revision tokens before all compensation writes
ok 119 - rejects missing or changed live revision tokens before all compensation writes
  ---
  duration_ms: 0.921458
  type: 'test'
  ...
# Subtest: rejects truncated immutable audit history and replay after service restart
ok 120 - rejects truncated immutable audit history and replay after service restart
  ---
  duration_ms: 2.591958
  type: 'test'
  ...
# Subtest: fails closed when immutable audit records exist without their continuity head
ok 121 - fails closed when immutable audit records exist without their continuity head
  ---
  duration_ms: 0.852208
  type: 'test'
  ...
# Subtest: permits partial transaction restore only in original committing state
ok 122 - permits partial transaction restore only in original committing state
  ---
  duration_ms: 0.369792
  type: 'test'
  ...
# Subtest: persists immutable audit entries through the production Vault adapter
ok 123 - persists immutable audit entries through the production Vault adapter
  ---
  duration_ms: 1.487042
  type: 'test'
  ...
# Subtest: production immutable audit uses Obsidian DataAdapter for hidden local paths
ok 124 - production immutable audit uses Obsidian DataAdapter for hidden local paths
  ---
  duration_ms: 0.973292
  type: 'test'
  ...
# Subtest: production audit continuity rejects truncation and replay across fresh services
ok 125 - production audit continuity rejects truncation and replay across fresh services
  ---
  duration_ms: 3.670209
  type: 'test'
  ...
# Subtest: forbids destructive command paths and loads the service in production
ok 126 - forbids destructive command paths and loads the service in production
  ---
  duration_ms: 0.428208
  type: 'test'
  ...
# Subtest: real Hub route exposes one confirmed compensation action and consumes it after exact restoration
ok 127 - real Hub route exposes one confirmed compensation action and consumes it after exact restoration
  ---
  duration_ms: 275.541083
  type: 'test'
  ...
# Subtest: disposable production Hub driver restores a failed multi-file compensation and rejects restart truncation
ok 128 - disposable production Hub driver restores a failed multi-file compensation and rejects restart truncation
  ---
  duration_ms: 67.811084
  type: 'test'
  ...
# Subtest: multiple claims from one source become one coherent candidate document
ok 129 - multiple claims from one source become one coherent candidate document
  ---
  duration_ms: 1.244167
  type: 'test'
  ...
# Subtest: source summary and reusable claims become separate document classes, not item files
ok 130 - source summary and reusable claims become separate document classes, not item files
  ---
  duration_ms: 0.936375
  type: 'test'
  ...
# Subtest: one information-rich source becomes one sectioned source document plus coherent topic documents
ok 131 - one information-rich source becomes one sectioned source document plus coherent topic documents
  ---
  duration_ms: 0.433542
  type: 'test'
  ...
# Subtest: canonical coverage returns no_change and blocks duplicate create
ok 132 - canonical coverage returns no_change and blocks duplicate create
  ---
  duration_ms: 0.158667
  type: 'test'
  ...
# Subtest: canonical lexical overlap cannot discard changed numbers, conditions or negation
ok 133 - canonical lexical overlap cannot discard changed numbers, conditions or negation
  ---
  duration_ms: 0.212666
  type: 'test'
  ...
# Subtest: trusted related candidates choose one document-level update or merge
ok 134 - trusted related candidates choose one document-level update or merge
  ---
  duration_ms: 0.471
  type: 'test'
  ...
# Subtest: document plan resolves canonically equivalent Unicode source paths
ok 135 - document plan resolves canonically equivalent Unicode source paths
  ---
  duration_ms: 71.844542
  type: 'test'
  ...
# Subtest: document planning requires complete semantic source coverage before downstream planning
ok 136 - document planning requires complete semantic source coverage before downstream planning
  ---
  duration_ms: 294.086416
  type: 'test'
  ...
# Subtest: canonical no_change documents count as source provenance toward full plan coverage (Finding-2)
ok 137 - canonical no_change documents count as source provenance toward full plan coverage (Finding-2)
  ---
  duration_ms: 84.02775
  type: 'test'
  ...
# Subtest: default article-compiler closure uses the in-scope plan source id (no sourceId ReferenceError)
ok 138 - default article-compiler closure uses the in-scope plan source id (no sourceId ReferenceError)
  ---
  duration_ms: 74.480875
  type: 'test'
  ...
# Subtest: span-misaligned semantic units fail the plan with the shared semantic_candidate_key_missing contract
ok 139 - span-misaligned semantic units fail the plan with the shared semantic_candidate_key_missing contract
  ---
  duration_ms: 24.920875
  type: 'test'
  ...
# Subtest: replay-only analysis without durable 12/12 unit coverage cannot become review_ready
ok 140 - replay-only analysis without durable 12/12 unit coverage cannot become review_ready
  ---
  duration_ms: 23.579541
  type: 'test'
  ...
# Subtest: Centum regression converges through the real Hub planner, compiler, and Golden orchestrator
ok 141 - Centum regression converges through the real Hub planner, compiler, and Golden orchestrator
  ---
  duration_ms: 85.467083
  type: 'test'
  ...
# Subtest: semantic over-capacity stops before transport and every downstream boundary
ok 142 - semantic over-capacity stops before transport and every downstream boundary
  ---
  duration_ms: 26.149458
  type: 'test'
  ...
# Subtest: v1 cache misses v2 once, exact v2 remount replays final while compiled stays draft, and drift blocks replay
ok 143 - v1 cache misses v2 once, exact v2 remount replays final while compiled stays draft, and drift blocks replay
  ---
  duration_ms: 98.625334
  type: 'test'
  ...
# Subtest: live batch emits one document operation for multiple reusable claims
ok 144 - live batch emits one document operation for multiple reusable claims
  ---
  duration_ms: 31.608792
  type: 'test'
  ...
# Subtest: rejecting an obsolete review run persists zero packets across restart
ok 145 - rejecting an obsolete review run persists zero packets across restart
  ---
  duration_ms: 46.9185
  type: 'test'
  ...
# Subtest: isolated document pilot covers content beyond 4 KiB without replacing the existing review
ok 146 - isolated document pilot covers content beyond 4 KiB without replacing the existing review
  ---
  duration_ms: 22.481833
  type: 'test'
  ...
# Subtest: isolated document pilot resumes after the last completed pack
ok 147 - isolated document pilot resumes after the last completed pack
  ---
  duration_ms: 46.65525
  type: 'test'
  ...
# Subtest: full-source materialization converts chunk-local spans to source-global locators
ok 148 - full-source materialization converts chunk-local spans to source-global locators
  ---
  duration_ms: 65.238958
  type: 'test'
  ...
# Subtest: full-source plan resumes a blocked batch only with explicit retry intent
ok 149 - full-source plan resumes a blocked batch only with explicit retry intent
  ---
  duration_ms: 25.005041
  type: 'test'
  ...
# Subtest: Hub remount preserves the actively selected document plan
ok 150 - Hub remount preserves the actively selected document plan
  ---
  duration_ms: 36.741083
  type: 'test'
  ...
# Subtest: compile blocks swapped topic titles until explicit recommended renames
ok 151 - compile blocks swapped topic titles until explicit recommended renames
  ---
  duration_ms: 36.162875
  type: 'test'
  ...
# Subtest: full-source workflow stops at page-plan triage, then compiles preview without replacing active review
ok 152 - full-source workflow stops at page-plan triage, then compiles preview without replacing active review
  ---
  duration_ms: 97.516958
  type: 'test'
  ...
# Subtest: source-only claims block source archive when compiled review activates
ok 153 - source-only claims block source archive when compiled review activates
  ---
  duration_ms: 32.132167
  type: 'test'
  ...
# Subtest: legacy atomized recovery repackets from cached artifacts with provider zero
ok 154 - legacy atomized recovery repackets from cached artifacts with provider zero
  ---
  duration_ms: 49.556958
  type: 'test'
  ...
# Subtest: canonical coverage blocks duplicate candidate creation in the live Hub
ok 155 - canonical coverage blocks duplicate candidate creation in the live Hub
  ---
  duration_ms: 41.68475
  type: 'test'
  ...
# Subtest: stale source excluded from cached repacket returns to the visible pending queue
ok 156 - stale source excluded from cached repacket returns to the visible pending queue
  ---
  duration_ms: 48.413833
  type: 'test'
  ...
# Subtest: compiled document creates, updates same Markdown and is read back as trusted
ok 157 - compiled document creates, updates same Markdown and is read back as trusted
  ---
  duration_ms: 54.800167
  type: 'test'
  ...
# Subtest: update against applied derived claims skips identical evidence without crashing
ok 158 - update against applied derived claims skips identical evidence without crashing
  ---
  duration_ms: 8.359542
  type: 'test'
  ...
# Subtest: compiled update inserts only new sections without draft frontmatter or title duplication
ok 159 - compiled update inserts only new sections without draft frontmatter or title duplication
  ---
  duration_ms: 8.817125
  type: 'test'
  ...
# Subtest: unresolved conflict and missing explicit approval do not write canonical Markdown
ok 160 - unresolved conflict and missing explicit approval do not write canonical Markdown
  ---
  duration_ms: 1.450375
  type: 'test'
  ...
# Subtest: stale source or target preview rejects without replacing subsequent user edits
ok 161 - stale source or target preview rejects without replacing subsequent user edits
  ---
  duration_ms: 1.095541
  type: 'test'
  ...
# Subtest: post-write audit failure resumes same approved document without a duplicate paragraph
ok 162 - post-write audit failure resumes same approved document without a duplicate paragraph
  ---
  duration_ms: 21.027292
  type: 'test'
  ...
# Subtest: target edit after preview remains untouched and requires a fresh review
ok 163 - target edit after preview remains untouched and requires a fresh review
  ---
  duration_ms: 10.850292
  type: 'test'
  ...
# Subtest: review modal renders exact preview and applies only after explicit checkbox action
ok 164 - review modal renders exact preview and applies only after explicit checkbox action
  ---
  duration_ms: 8.259708
  type: 'test'
  ...
# Subtest: approved Wiki text is never recaptured as an independent Source
ok 165 - approved Wiki text is never recaptured as an independent Source
  ---
  duration_ms: 0.221292
  type: 'test'
  ...
# Subtest: partial update survives modal close/reopen without another canonical write and protects later user edits
ok 166 - partial update survives modal close/reopen without another canonical write and protects later user edits
  ---
  duration_ms: 37.740625
  type: 'test'
  ...
# Subtest: existing processing plan restores an interrupted apply after runtime restart only with a fresh explicit decision
ok 167 - existing processing plan restores an interrupted apply after runtime restart only with a fresh explicit decision
  ---
  duration_ms: 130.269708
  type: 'test'
  ...
# Subtest: verified target reuses recorded scope while new-target switch clears inherited fields and approval
ok 168 - verified target reuses recorded scope while new-target switch clears inherited fields and approval
  ---
  duration_ms: 8.496833
  type: 'test'
  ...
# Subtest: failed conflict preparation keeps the complete proposed document visible
ok 169 - failed conflict preparation keeps the complete proposed document visible
  ---
  duration_ms: 1.025041
  type: 'test'
  ...
# Subtest: new review reuses actual analysis text only after selection and offers registered topics
ok 170 - new review reuses actual analysis text only after selection and offers registered topics
  ---
  duration_ms: 0.57425
  type: 'test'
  ...
# Subtest: new review suggests domain/topic candidates from related documents without auto-filling
ok 171 - new review suggests domain/topic candidates from related documents without auto-filling
  ---
  duration_ms: 0.421958
  type: 'test'
  ...
# Subtest: projects real inbox snapshots into one beginner lifecycle state and one typed primary action
ok 172 - projects real inbox snapshots into one beginner lifecycle state and one typed primary action
  ---
  duration_ms: 2.10825
  type: 'test'
  ...
# Subtest: explicit source selection takes priority over an automatic INBOX queue
ok 173 - explicit source selection takes priority over an automatic INBOX queue
  ---
  duration_ms: 1.028875
  type: 'test'
  ...
# Subtest: source picker labels user materials and filters by title or path
ok 174 - source picker labels user materials and filters by title or path
  ---
  duration_ms: 0.23375
  type: 'test'
  ...
# Subtest: renders selected source as a Golden Wiki creation flow
ok 175 - renders selected source as a Golden Wiki creation flow
  ---
  duration_ms: 9.598084
  type: 'test'
  ...
# Subtest: large source requires an explicit heading scope before consent
ok 176 - large source requires an explicit heading scope before consent
  ---
  duration_ms: 0.374834
  type: 'test'
  ...
# Subtest: large source range picker is hierarchical searchable and previewable
ok 177 - large source range picker is hierarchical searchable and previewable
  ---
  duration_ms: 0.400583
  type: 'test'
  ...
# Subtest: interrupted and changed Prodigy Wiki runs expose one typed recovery action
ok 178 - interrupted and changed Prodigy Wiki runs expose one typed recovery action
  ---
  duration_ms: 0.265291
  type: 'test'
  ...
# Subtest: projects operation progress, refresh and Git follow-up without mutating the committed canonical outcome
ok 179 - projects operation progress, refresh and Git follow-up without mutating the committed canonical outcome
  ---
  duration_ms: 0.191666
  type: 'test'
  ...
# Subtest: renders one canonical Git follow-up message across unavailable, retry, and recovery updates
ok 180 - renders one canonical Git follow-up message across unavailable, retry, and recovery updates
  ---
  duration_ms: 0.344917
  type: 'test'
  ...
# Subtest: keeps approval-ready and blocking conflict queues separate and excludes conflicts from eligible batches
ok 181 - keeps approval-ready and blocking conflict queues separate and excludes conflicts from eligible batches
  ---
  duration_ms: 0.126209
  type: 'test'
  ...
# Subtest: production Hub loads and owns inbox intake, cancellation, retry, Task14 review and operation recovery routes
ok 182 - production Hub loads and owns inbox intake, cancellation, retry, Task14 review and operation recovery routes
  ---
  duration_ms: 2.405791
  type: 'test'
  ...
# Subtest: default lifecycle DOM omits raw canonical and internal fields and has no nested scroll owner
ok 183 - default lifecycle DOM omits raw canonical and internal fields and has no nested scroll owner
  ---
  duration_ms: 0.148125
  type: 'test'
  ...
# Subtest: central Knowledge stylesheet is the only lifecycle and browse selector source and enforces responsive geometry
ok 184 - central Knowledge stylesheet is the only lifecycle and browse selector source and enforces responsive geometry
  ---
  duration_ms: 0.59925
  type: 'test'
  ...
# Subtest: Knowledge retains exactly four tabs
ok 185 - Knowledge retains exactly four tabs
  ---
  duration_ms: 0.418
  type: 'test'
  ...
# Subtest: source boundary reflects an actually sent question without changing pre-consent default
ok 186 - source boundary reflects an actually sent question without changing pre-consent default
  ---
  duration_ms: 0.297917
  type: 'test'
  ...
# TASK8_CALL_ORDER get:.llmwiki-audit/nonce_obsidian_adapter_0001.json -> get:ZETA/PERMANENT/Obsidian Adapter 원칙.md -> get:ZETA/PERMANENT/Obsidian Adapter 원칙.md -> get:.llmwiki-audit/nonce_obsidian_adapter_0001.json -> get:.llmwiki-audit -> create:.llmwiki-audit/nonce_obsidian_adapter_0001.json -> get:ZETA/PERMANENT/Obsidian Adapter 원칙.md -> get:ZETA -> createFolder:ZETA -> get:ZETA/PERMANENT -> createFolder:ZETA/PERMANENT -> create:ZETA/PERMANENT/Obsidian Adapter 원칙.md -> modify:.llmwiki-audit/nonce_obsidian_adapter_0001.json
# TASK8_REPAIR first=1 duplicate=1 canonical_rewrites=0 provider=0 network=0 git=0
# Subtest: real app.vault is resolved while malformed or absent browser runtime is runtime_unavailable
ok 187 - real app.vault is resolved while malformed or absent browser runtime is runtime_unavailable
  ---
  duration_ms: 2.524709
  type: 'test'
  ...
# Subtest: raw, spread, copied, and JSON-unbranded operations reject before Vault effects
ok 188 - raw, spread, copied, and JSON-unbranded operations reject before Vault effects
  ---
  duration_ms: 3.552416
  type: 'test'
  ...
# Subtest: deterministic writer validates, prepares audit, creates exact canonical bytes, and finalizes exact audit bytes in order
ok 189 - deterministic writer validates, prepares audit, creates exact canonical bytes, and finalizes exact audit bytes in order
  ---
  duration_ms: 12.844542
  type: 'test'
  ...
# Subtest: modify uses app.vault read/create/modify in exact order and preserves exact before/after state
ok 190 - modify uses app.vault read/create/modify in exact order and preserves exact before/after state
  ---
  duration_ms: 0.840208
  type: 'test'
  ...
# Subtest: missing audit directory is created at the one exact Vault path before audit prepare
ok 191 - missing audit directory is created at the one exact Vault path before audit prepare
  ---
  duration_ms: 0.922208
  type: 'test'
  ...
# Subtest: audit prepare tolerates an on-disk audit directory missing from the vault index
ok 192 - audit prepare tolerates an on-disk audit directory missing from the vault index
  ---
  duration_ms: 0.628666
  type: 'test'
  ...
# Subtest: canonical create tolerates on-disk parent folders missing from the vault index
ok 193 - canonical create tolerates on-disk parent folders missing from the vault index
  ---
  duration_ms: 0.309375
  type: 'test'
  ...
# Subtest: first canonical create ensures missing parent folders shallow-to-deep without touching existing ones
ok 194 - first canonical create ensures missing parent folders shallow-to-deep without touching existing ones
  ---
  duration_ms: 0.239667
  type: 'test'
  ...
# Subtest: audit prepare failure writes no canonical and reports exact zero counters
ok 195 - audit prepare failure writes no canonical and reports exact zero counters
  ---
  duration_ms: 5.725208
  type: 'test'
  ...
# Subtest: canonical failure preserves canonical state and finalizes a rejected audit when possible
ok 196 - canonical failure preserves canonical state and finalizes a rejected audit when possible
  ---
  duration_ms: 3.2885
  type: 'test'
  ...
# Subtest: audit finalize failure returns committed_audit_pending without canonical rollback and repair is exact and idempotent
ok 197 - audit finalize failure returns committed_audit_pending without canonical rollback and repair is exact and idempotent
  ---
  duration_ms: 3.527708
  type: 'test'
  ...
# Subtest: repair write failure keeps exact prepared audit and canonical bytes for a later retry
ok 198 - repair write failure keeps exact prepared audit and canonical bytes for a later retry
  ---
  duration_ms: 4.135208
  type: 'test'
  ...
# Subtest: create collision, stale modify bytes, and repair mismatch reject before forbidden mutation
ok 199 - create collision, stale modify bytes, and repair mismatch reject before forbidden mutation
  ---
  duration_ms: 4.395
  type: 'test'
  ...
# Subtest: malformed paths, packet, vault shape, and source text fail closed; product adapter has no Node fs path
ok 200 - malformed paths, packet, vault shape, and source text fail closed; product adapter has no Node fs path
  ---
  duration_ms: 0.670125
  type: 'test'
  ...
# Subtest: existing create proposal and approval packet remain compatible without a typed operation
ok 201 - existing create proposal and approval packet remain compatible without a typed operation
  ---
  duration_ms: 4.435209
  type: 'test'
  ...
# Subtest: create, update, merge, and noop parse exhaustively into deeply frozen discriminated operations
ok 202 - create, update, merge, and noop parse exhaustively into deeply frozen discriminated operations
  ---
  duration_ms: 1.749791
  type: 'test'
  ...
# Subtest: destination ids, revisions, exact before/after bytes, citations, conflicts, risk, and effects are mandatory and kind-specific
ok 203 - destination ids, revisions, exact before/after bytes, citations, conflicts, risk, and effects are mandatory and kind-specific
  ---
  duration_ms: 0.670125
  type: 'test'
  ...
# Subtest: delete is unrepresentable and malformed or instruction-shaped fields cannot expand authority
ok 204 - delete is unrepresentable and malformed or instruction-shaped fields cannot expand authority
  ---
  duration_ms: 0.383833
  type: 'test'
  ...
# Subtest: merge covers every source and destination revision and rejects missing or extra coverage
ok 205 - merge covers every source and destination revision and rejects missing or extra coverage
  ---
  duration_ms: 0.33525
  type: 'test'
  ...
# Subtest: unresolved conflicts make operation and approval packet ineligible
ok 206 - unresolved conflicts make operation and approval packet ineligible
  ---
  duration_ms: 2.19175
  type: 'test'
  ...
# Subtest: raw plain, custom-prototype, polluted, accessor, and exotic-array objects reject without inspection
ok 207 - raw plain, custom-prototype, polluted, accessor, and exotic-array objects reject without inspection
  ---
  duration_ms: 0.188667
  type: 'test'
  ...
# Subtest: null-prototype nested records and maps are accepted and normalized to frozen prototype-safe maps
ok 208 - null-prototype nested records and maps are accepted and normalized to frozen prototype-safe maps
  ---
  duration_ms: 0.207209
  type: 'test'
  ...
# Subtest: prototype-mutating identifiers and revision-map keys reject at every identifier boundary
ok 209 - prototype-mutating identifiers and revision-map keys reject at every identifier boundary
  ---
  duration_ms: 0.520375
  type: 'test'
  ...
# Subtest: serialized boundary rejects raw objects and 24 mutating proxies without triggering any trap
ok 210 - serialized boundary rejects raw objects and 24 mutating proxies without triggering any trap
  ---
  duration_ms: 0.244083
  type: 'test'
  ...
# Subtest: serialized JSON accepts all kinds, rejects malformed and duplicate-key JSON, and brands reusable records
ok 211 - serialized JSON accepts all kinds, rejects malformed and duplicate-key JSON, and brands reusable records
  ---
  duration_ms: 0.373083
  type: 'test'
  ...
# Subtest: browser VM operation intake uses TextEncoder or deterministic UTF-8 fallback without Node runtime modules
ok 212 - browser VM operation intake uses TextEncoder or deterministic UTF-8 fallback without Node runtime modules
  ---
  duration_ms: 44.658291
  type: 'test'
  ...
# Subtest: serialized operation byte boundary rejects max plus one and multibyte overflow while accepting exact max
ok 213 - serialized operation byte boundary rejects max plus one and multibyte overflow while accepting exact max
  ---
  duration_ms: 17.465625
  type: 'test'
  ...
# Subtest: over-limit operation is rejected across proposal, approval, and canonical seams before any alternate JSON.parse
ok 214 - over-limit operation is rejected across proposal, approval, and canonical seams before any alternate JSON.parse
  ---
  duration_ms: 9.614375
  type: 'test'
  ...
# Subtest: canonical assembly and verification reject raw operation proxies/getters with zero side effects and no JSON round trips
ok 215 - canonical assembly and verification reject raw operation proxies/getters with zero side effects and no JSON round trips
  ---
  duration_ms: 20.177041
  type: 'test'
  ...
# Subtest: sub-megabyte excessive depth and collection counts reject with deterministic complexity failures
ok 216 - sub-megabyte excessive depth and collection counts reject with deterministic complexity failures
  ---
  duration_ms: 4.766875
  type: 'test'
  ...
# Subtest: proposal and approval seams accept serialized or branded operations but reject raw operation objects
ok 217 - proposal and approval seams accept serialized or branded operations but reject raw operation objects
  ---
  duration_ms: 1.981458
  type: 'test'
  ...
# Subtest: branded records can be evaluated repeatedly without losing identity or stale checks
ok 218 - branded records can be evaluated repeatedly without losing identity or stale checks
  ---
  duration_ms: 0.264625
  type: 'test'
  ...
# Subtest: deprecation and supersession effects bind canonical target revision and exact before bytes
ok 219 - deprecation and supersession effects bind canonical target revision and exact before bytes
  ---
  duration_ms: 0.561042
  type: 'test'
  ...
# Subtest: trusted current canonical revisions are required to report existing-target operations fresh and eligible
ok 220 - trusted current canonical revisions are required to report existing-target operations fresh and eligible
  ---
  duration_ms: 0.32225
  type: 'test'
  ...
# Subtest: typed operation and revision evaluation replay are deterministic and do not mutate caller input
ok 221 - typed operation and revision evaluation replay are deterministic and do not mutate caller input
  ---
  duration_ms: 0.199084
  type: 'test'
  ...
# Subtest: Given the operation writer modules, When their boundaries are inspected, Then each authority has one specific role under 250 pure LOC
ok 222 - Given the operation writer modules, When their boundaries are inspected, Then each authority has one specific role under 250 pure LOC
  ---
  duration_ms: 6.584625
  type: 'test'
  ...
# Subtest: Given the stable writer facade, When its public surface is enumerated, Then no generic mutation seam is exposed
ok 223 - Given the stable writer facade, When its public surface is enumerated, Then no generic mutation seam is exposed
  ---
  duration_ms: 0.464
  type: 'test'
  ...
# Subtest: entry reuses existing Hub and coalesces duplicate opens without ingest or write
ok 224 - entry reuses existing Hub and coalesces duplicate opens without ingest or write
  ---
  duration_ms: 1.417
  type: 'test'
  ...
# Subtest: entry reports missing required Hub or Dataview rather than claiming mounted
ok 225 - entry reports missing required Hub or Dataview rather than claiming mounted
  ---
  duration_ms: 0.72175
  type: 'test'
  ...
# Subtest: Given forged promotion authority When canonical approval executes Then no handler is called
ok 226 - Given forged promotion authority When canonical approval executes Then no handler is called
  ---
  duration_ms: 2.741541
  type: 'test'
  ...
# Subtest: Given exact branded promotion authority When canonical approval executes Then handler is called once and replay stays closed
ok 227 - Given exact branded promotion authority When canonical approval executes Then handler is called once and replay stays closed
  ---
  duration_ms: 1.50725
  type: 'test'
  ...
# Subtest: Given cross-ClaimSet or stale branded authority When canonical approval executes Then no handler is called
ok 228 - Given cross-ClaimSet or stale branded authority When canonical approval executes Then no handler is called
  ---
  duration_ms: 0.998708
  type: 'test'
  ...
# Subtest: stale PARA handoff cannot be replayed without a new review revision
ok 229 - stale PARA handoff cannot be replayed without a new review revision
  ---
  duration_ms: 0.244416
  type: 'test'
  ...
# Subtest: retry is limited to explicit stale or recovery review states
ok 230 - retry is limited to explicit stale or recovery review states
  ---
  duration_ms: 0.101167
  type: 'test'
  ...
# Subtest: cache completion and PARA approval expose exact local scope without provider authority
ok 231 - cache completion and PARA approval expose exact local scope without provider authority
  ---
  duration_ms: 0.126583
  type: 'test'
  ...
# Subtest: failed explicit review recovery can retry while in-flight and successful requests stay deduplicated
ok 232 - failed explicit review recovery can retry while in-flight and successful requests stay deduplicated
  ---
  duration_ms: 0.094
  type: 'test'
  ...
# Subtest: throwing explicit review recovery remains retryable without releasing apply commands
ok 233 - throwing explicit review recovery remains retryable without releasing apply commands
  ---
  duration_ms: 0.081916
  type: 'test'
  ...
# Subtest: query/read returns byte-stable verified and legacy envelopes with deterministic ranking, citations, ids, and hash
ok 234 - query/read returns byte-stable verified and legacy envelopes with deterministic ranking, citations, ids, and hash
  ---
  duration_ms: 20.170333
  type: 'test'
  ...
# Subtest: literature, candidate, and proposal modes are labeled non-canonical and never promoted to verified answers
ok 235 - literature, candidate, and proposal modes are labeled non-canonical and never promoted to verified answers
  ---
  duration_ms: 1.504667
  type: 'test'
  ...
# Subtest: stale, unavailable, conflict, empty, malformed, unsafe, and prompt-shaped inputs fail closed with writer=0
ok 236 - stale, unavailable, conflict, empty, malformed, unsafe, and prompt-shaped inputs fail closed with writer=0
  ---
  duration_ms: 1.339209
  type: 'test'
  ...
# Subtest: query/read ignores writer/provider/creator hooks and leaves persistent filesystem snapshots unchanged
ok 237 - query/read ignores writer/provider/creator hooks and leaves persistent filesystem snapshots unchanged
  ---
  duration_ms: 1.298167
  type: 'test'
  ...
# Subtest: operation run state declares every kind and deterministic state/action transition
ok 238 - operation run state declares every kind and deterministic state/action transition
  ---
  duration_ms: 2.578
  type: 'test'
  ...
# Subtest: operation run identity and revision are monotonic and stale identities reject
ok 239 - operation run identity and revision are monotonic and stale identities reject
  ---
  duration_ms: 0.122583
  type: 'test'
  ...
# Subtest: controller delegates typed update execution through the operation orchestrator
ok 240 - controller delegates typed update execution through the operation orchestrator
  ---
  duration_ms: 11.6435
  type: 'test'
  ...
# Subtest: create, update, merge, and no-op use one exhaustive service interface
ok 241 - create, update, merge, and no-op use one exhaustive service interface
  ---
  duration_ms: 2.823084
  type: 'test'
  ...
# Subtest: one active run rejects a second start and explicit replacement invalidates the old provider
ok 242 - one active run rejects a second start and explicit replacement invalidates the old provider
  ---
  duration_ms: 0.62875
  type: 'test'
  ...
# Subtest: cancel while provider is pending aborts and makes the late provider result UI-inert
ok 243 - cancel while provider is pending aborts and makes the late provider result UI-inert
  ---
  duration_ms: 0.466541
  type: 'test'
  ...
# Subtest: cancel after provider readiness prevents approval and all canonical adapter calls
ok 244 - cancel after provider readiness prevents approval and all canonical adapter calls
  ---
  duration_ms: 0.578208
  type: 'test'
  ...
# Subtest: late packet preparation and approval callbacks are ignored before authorization or commit side effects
ok 245 - late packet preparation and approval callbacks are ignored before authorization or commit side effects
  ---
  duration_ms: 0.85
  type: 'test'
  ...
# Subtest: cancel during a pending commit ignores its callback and the guarded service never reaches its adapter
ok 246 - cancel during a pending commit ignores its callback and the guarded service never reaches its adapter
  ---
  duration_ms: 0.799291
  type: 'test'
  ...
# Subtest: duplicate approval while committing is rejected and invokes commit once
ok 247 - duplicate approval while committing is rejected and invokes commit once
  ---
  duration_ms: 0.716208
  type: 'test'
  ...
# Subtest: commit failure is terminal without a canonical success outcome
ok 248 - commit failure is terminal without a canonical success outcome
  ---
  duration_ms: 0.350084
  type: 'test'
  ...
# Subtest: refresh and Git failures remain separate from immutable canonical success and retry without recommit
ok 249 - refresh and Git failures remain separate from immutable canonical success and retry without recommit
  ---
  duration_ms: 1.07675
  type: 'test'
  ...
# Subtest: cancel during refresh invalidates late refresh and Git callbacks while preserving canonical success
ok 250 - cancel during refresh invalidates late refresh and Git callbacks while preserving canonical success
  ---
  duration_ms: 0.603833
  type: 'test'
  ...
# Subtest: recovery reconstructs committed and no-change outcomes without rerunning provider, approval, or commit
ok 251 - recovery reconstructs committed and no-change outcomes without rerunning provider, approval, or commit
  ---
  duration_ms: 0.302833
  type: 'test'
  ...
# Subtest: approval callback is privately bound to run, revision, operation, packet, and approval identity
ok 252 - approval callback is privately bound to run, revision, operation, packet, and approval identity
  ---
  duration_ms: 0.69725
  type: 'test'
  ...
# Subtest: cancelled refresh and Git follow-up state persists and recovery cannot resurrect pending callbacks
ok 253 - cancelled refresh and Git follow-up state persists and recovery cannot resurrect pending callbacks
  ---
  duration_ms: 1.416541
  type: 'test'
  ...
# Subtest: duplicate approval callback emits one deterministic audit and repeated delivery is side-effect free
ok 254 - duplicate approval callback emits one deterministic audit and repeated delivery is side-effect free
  ---
  duration_ms: 0.664292
  type: 'test'
  ...
# Subtest: refresh and Git adapter entry is identity-guarded after cancellation
ok 255 - refresh and Git adapter entry is identity-guarded after cancellation
  ---
  duration_ms: 1.48425
  type: 'test'
  ...
# Subtest: invalid cancel validates before token invalidation and leaves retry capability intact
ok 256 - invalid cancel validates before token invalidation and leaves retry capability intact
  ---
  duration_ms: 0.710125
  type: 'test'
  ...
# Subtest: cancel and retry commands are privately identity-bound and stale or duplicate delivery audits once
ok 257 - cancel and retry commands are privately identity-bound and stale or duplicate delivery audits once
  ---
  duration_ms: 1.696875
  type: 'test'
  ...
# Subtest: serialized durable saves make cancelled follow-up win over an earlier suspended save
ok 258 - serialized durable saves make cancelled follow-up win over an earlier suspended save
  ---
  duration_ms: 1.098459
  type: 'test'
  ...
# Subtest: raw stale approval intent cannot rebind to the replacement run and raw boundary is exact
ok 259 - raw stale approval intent cannot rebind to the replacement run and raw boundary is exact
  ---
  duration_ms: 0.646416
  type: 'test'
  ...
# Subtest: mismatched authorization terminalizes authorizing and invalidates the callback capability
ok 260 - mismatched authorization terminalizes authorizing and invalidates the callback capability
  ---
  duration_ms: 0.614291
  type: 'test'
  ...
# Subtest: stale commit result cannot become canonical success
ok 261 - stale commit result cannot become canonical success
  ---
  duration_ms: 0.186
  type: 'test'
  ...
# Subtest: on-disk A create → B approved supplement → existing verified reader and Wiki candidate reuse
ok 262 - on-disk A create → B approved supplement → existing verified reader and Wiki candidate reuse
  ---
  duration_ms: 57.257167
  type: 'test'
  ...
# Subtest: stale source refuses the approved update without overwriting current bytes
ok 263 - stale source refuses the approved update without overwriting current bytes
  ---
  duration_ms: 14.889292
  type: 'test'
  ...
# Subtest: stale target refuses the approved update without overwriting current bytes
ok 264 - stale target refuses the approved update without overwriting current bytes
  ---
  duration_ms: 12.047041
  type: 'test'
  ...
# Subtest: immutable authority failure resumes without duplicate write; subsequent user edit=false
ok 265 - immutable authority failure resumes without duplicate write; subsequent user edit=false
  ---
  duration_ms: 23.179625
  type: 'test'
  ...
# Subtest: immutable authority failure resumes without duplicate write; subsequent user edit=true
ok 266 - immutable authority failure resumes without duplicate write; subsequent user edit=true
  ---
  duration_ms: 15.58075
  type: 'test'
  ...
# Subtest: prepared authority audit finalization failure resumes without rewriting Markdown
ok 267 - prepared authority audit finalization failure resumes without rewriting Markdown
  ---
  duration_ms: 21.902792
  type: 'test'
  ...
# Subtest: cloned approval authority cannot authorize changed claim/source bindings
ok 268 - cloned approval authority cannot authorize changed claim/source bindings
  ---
  duration_ms: 11.560708
  type: 'test'
  ...
# Subtest: recorded six-condition proposal reaches final canonical Markdown through official approval and reader
ok 269 - recorded six-condition proposal reaches final canonical Markdown through official approval and reader
  ---
  duration_ms: 15.373334
  type: 'test'
  ...
# Subtest: recorded unresolved conflict remains intact and is ineligible for canonical promotion
ok 270 - recorded unresolved conflict remains intact and is ineligible for canonical promotion
  ---
  duration_ms: 2.133917
  type: 'test'
  ...
# Subtest: immutable entry persisted before head update failure resumes the same approval without duplicate entry
ok 271 - immutable entry persisted before head update failure resumes the same approval without duplicate entry
  ---
  duration_ms: 20.262167
  type: 'test'
  ...
# Subtest: source changed during audit preparation is rechecked before any canonical write
ok 272 - source changed during audit preparation is rechecked before any canonical write
  ---
  duration_ms: 11.274917
  type: 'test'
  ...
# Subtest: pending immutable head repair cannot overwrite a later user edit or rewrite audit entries
ok 273 - pending immutable head repair cannot overwrite a later user edit or rewrite audit entries
  ---
  duration_ms: 14.187125
  type: 'test'
  ...
# Subtest: canonical create immutable authority failure must resume verified authority rather than return a false duplicate
ok 274 - canonical create immutable authority failure must resume verified authority rather than return a false duplicate
  ---
  duration_ms: 8.4975
  type: 'test'
  ...
# Subtest: canonical create rejects source change during prepared audit before writing Markdown
ok 275 - canonical create rejects source change during prepared audit before writing Markdown
  ---
  duration_ms: 3.310583
  type: 'test'
  ...
# Subtest: canonical create rechecks a new Wiki link removed during audit preparation
ok 276 - canonical create rechecks a new Wiki link removed during audit preparation
  ---
  duration_ms: 5.1415
  type: 'test'
  ...
# Subtest: first canonical create append_throw returns pending and explicit retry repairs authority
ok 277 - first canonical create append_throw returns pending and explicit retry repairs authority
  ---
  duration_ms: 7.602292
  type: 'test'
  ...
# Subtest: first canonical create first_head_create returns pending and explicit retry repairs authority
ok 278 - first canonical create first_head_create returns pending and explicit retry repairs authority
  ---
  duration_ms: 7.992083
  type: 'test'
  ...
# Subtest: private update approval binds canonical identity, revision, exact bytes, evidence, and exact restore compensation
ok 279 - private update approval binds canonical identity, revision, exact bytes, evidence, and exact restore compensation
  ---
  duration_ms: 15.537916
  type: 'test'
  ...
# Subtest: deterministic commit atomically replaces the exact update target once, verifies bytes, preserves mode and unrelated files, and replays with zero writes
ok 280 - deterministic commit atomically replaces the exact update target once, verifies bytes, preserves mode and unrelated files, and replays with zero writes
  ---
  duration_ms: 16.799542
  type: 'test'
  ...
# Subtest: stale external bytes fail immediately before write without consuming approval and can retry after exact restoration
ok 281 - stale external bytes fail immediately before write without consuming approval and can retry after exact restoration
  ---
  duration_ms: 15.321167
  type: 'test'
  ...
# Subtest: path escape, symlink, raw, proxy, accessor, and oversized inputs reject without replacement
ok 282 - path escape, symlink, raw, proxy, accessor, and oversized inputs reject without replacement
  ---
  duration_ms: 162.691708
  type: 'test'
  ...
# Subtest: concurrent drift, misleading success, and interruption before or after replace fail closed; only known exact post-replace bytes can be restored
ok 283 - concurrent drift, misleading success, and interruption before or after replace fail closed; only known exact post-replace bytes can be restored
  ---
  duration_ms: 7.3495
  type: 'test'
  ...
# Subtest: explicit selected source is searchable with body and locator, never verified or ambient INBOX
ok 284 - explicit selected source is searchable with body and locator, never verified or ambient INBOX
  ---
  duration_ms: 16.227041
  type: 'test'
  ...
# Subtest: existing browse modes share query types and no-match is not a scope error
ok 285 - existing browse modes share query types and no-match is not a scope error
  ---
  duration_ms: 2.456416
  type: 'test'
  ...
# Subtest: selected source question carries bounded evidence and locator; no match abstains before transport
ok 286 - selected source question carries bounded evidence and locator; no match abstains before transport
  ---
  duration_ms: 8.722
  type: 'test'
  ...
# Subtest: bounded passages preserve neighbouring exceptions and cite the actual quoted line
ok 287 - bounded passages preserve neighbouring exceptions and cite the actual quoted line
  ---
  duration_ms: 10.25225
  type: 'test'
  ...
# Subtest: proposal and review document preserve every grounded condition and unresolved review note
ok 288 - proposal and review document preserve every grounded condition and unresolved review note
  ---
  duration_ms: 10.741708
  type: 'test'
  ...
# Subtest: conversation forwards history as context with explicit source scope and no invented evidence
ok 289 - conversation forwards history as context with explicit source scope and no invented evidence
  ---
  duration_ms: 7.672042
  type: 'test'
  ...
# Subtest: verified Wiki context requires actual finalized reader authority and exact current bytes
ok 290 - verified Wiki context requires actual finalized reader authority and exact current bytes
  ---
  duration_ms: 23.650375
  type: 'test'
  ...
# Subtest: verified answer proposal restores accepted claim lineage to original source, never Wiki-as-source
ok 291 - verified answer proposal restores accepted claim lineage to original source, never Wiki-as-source
  ---
  duration_ms: 12.19725
  type: 'test'
  ...
# Subtest: populated verified Wiki context excludes frontmatter hashes without losing exact body locators
ok 292 - populated verified Wiki context excludes frontmatter hashes without losing exact body locators
  ---
  duration_ms: 7.760041
  type: 'test'
  ...
# Subtest: current Runtime boundary receives zero requests for selected synthetic protected sources
ok 293 - current Runtime boundary receives zero requests for selected synthetic protected sources
  ---
  duration_ms: 1.758916
  type: 'test'
  ...
# Subtest: current Runtime response reaches the real parser and forbidden write authority is rejected
ok 294 - current Runtime response reaches the real parser and forbidden write authority is rejected
  ---
  duration_ms: 2.630167
  type: 'test'
  ...
# {"reason":"provider_schema_invalid","runtime_calls":1,"actual_vault_writes":0,"consent_grants":0}
# Subtest: verified_paths narrows Wiki scope to the exact row only
ok 295 - verified_paths narrows Wiki scope to the exact row only
  ---
  duration_ms: 11.17025
  type: 'test'
  ...
# Subtest: unresolvable verified scope abstains explicitly without transport
ok 296 - unresolvable verified scope abstains explicitly without transport
  ---
  duration_ms: 5.978167
  type: 'test'
  ...
# Subtest: at-doc mention scopes the question to that verified row without the toggle
ok 297 - at-doc mention scopes the question to that verified row without the toggle
  ---
  duration_ms: 13.183708
  type: 'test'
  ...
# Subtest: canonical path in the untrusted source slot stays blocked
ok 298 - canonical path in the untrusted source slot stays blocked
  ---
  duration_ms: 5.226333
  type: 'test'
  ...
# Subtest: parseDocMentions extracts exact paths once and strips trailing punctuation
ok 299 - parseDocMentions extracts exact paths once and strips trailing punctuation
  ---
  duration_ms: 0.079792
  type: 'test'
  ...
# Subtest: buildSnapshot is path-stable, hashed, frozen, and trust-separated
ok 300 - buildSnapshot is path-stable, hashed, frozen, and trust-separated
  ---
  duration_ms: 11.845291
  type: 'test'
  ...
# Subtest: browseRead defaults to verified, explicitly intersects literature/pending facets, and resets
ok 301 - browseRead defaults to verified, explicitly intersects literature/pending facets, and resets
  ---
  duration_ms: 2.163209
  type: 'test'
  ...
# Subtest: browseRead delegates only non-empty queries and rejects unsafe selections
ok 302 - browseRead delegates only non-empty queries and rejects unsafe selections
  ---
  duration_ms: 1.746916
  type: 'test'
  ...
# Subtest: finalized immutable audit produces exactly one verified browse row
ok 303 - finalized immutable audit produces exactly one verified browse row
  ---
  duration_ms: 21.598292
  type: 'test'
  ...
# Subtest: service publishes on an agreeing two-pass revision and hydrates with cache and stale discard
ok 304 - service publishes on an agreeing two-pass revision and hydrates with cache and stale discard
  ---
  duration_ms: 11.943958
  type: 'test'
  ...
# Subtest: service refuses to publish mismatched metadata passes and never invokes body/provider writers
ok 305 - service refuses to publish mismatched metadata passes and never invokes body/provider writers
  ---
  duration_ms: 2.303708
  type: 'test'
  ...
# Subtest: publishes only an agreeing two-pass snapshot and keeps trust rows separated
ok 306 - publishes only an agreeing two-pass snapshot and keeps trust rows separated
  ---
  duration_ms: 12.258541
  type: 'test'
  ...
# Subtest: rejects mismatched publication metadata without exposing a current snapshot
ok 307 - rejects mismatched publication metadata without exposing a current snapshot
  ---
  duration_ms: 0.9285
  type: 'test'
  ...
# Subtest: revalidates cached body reads and discards cached bytes after a revision change
ok 308 - revalidates cached body reads and discards cached bytes after a revision change
  ---
  duration_ms: 2.84225
  type: 'test'
  ...
# Subtest: fails closed for unsafe, unknown, and stale-row hydration requests
ok 309 - fails closed for unsafe, unknown, and stale-row hydration requests
  ---
  duration_ms: 0.908125
  type: 'test'
  ...
# Subtest: clicking a verified canonical v2 result opens hydrated detail in an Obsidian modal while legacy rows stay excluded
ok 310 - clicking a verified canonical v2 result opens hydrated detail in an Obsidian modal while legacy rows stay excluded
  ---
  duration_ms: 32.85075
  type: 'test'
  ...
# Subtest: compact modal keeps its sticky close footer inside the native dialog
ok 311 - compact modal keeps its sticky close footer inside the native dialog
  ---
  duration_ms: 0.263542
  type: 'test'
  ...
# Subtest: fourth-tab browse surface renders read-only facets, selection, and hydrated detail
ok 312 - fourth-tab browse surface renders read-only facets, selection, and hydrated detail
  ---
  duration_ms: 1.807333
  type: 'test'
  ...
# Subtest: inactive Knowledge tab does not retain zero-sized native controls and remounts from retained state when shown
ok 313 - inactive Knowledge tab does not retain zero-sized native controls and remounts from retained state when shown
  ---
  duration_ms: 0.654208
  type: 'test'
  ...
# Subtest: facet changes clear detail selection and stale reads render an explicit stale state
ok 314 - facet changes clear detail selection and stale reads render an explicit stale state
  ---
  duration_ms: 0.591959
  type: 'test'
  ...
# Subtest: late hydration cannot repopulate cleared selection after a mode change
ok 315 - late hydration cannot repopulate cleared selection after a mode change
  ---
  duration_ms: 1.410875
  type: 'test'
  ...
# Subtest: review failure preserves branded answer and retries the same handoff without duplicate requests
ok 316 - review failure preserves branded answer and retries the same handoff without duplicate requests
  ---
  duration_ms: 1.161125
  type: 'test'
  ...
# Subtest: thrown review handoff errors preserve the answer and allow an explicit retry
ok 317 - thrown review handoff errors preserve the answer and allow an explicit retry
  ---
  duration_ms: 0.76525
  type: 'test'
  ...
# Subtest: prepared proposal without a review controller is not reported as review ready
ok 318 - prepared proposal without a review controller is not reported as review ready
  ---
  duration_ms: 0.588875
  type: 'test'
  ...
# Subtest: conversation preserves navigation state, retries once and excludes removed-scope history
ok 319 - conversation preserves navigation state, retries once and excludes removed-scope history
  ---
  duration_ms: 0.483708
  type: 'test'
  ...
# Subtest: new conversation discards a late response and duplicate sends
ok 320 - new conversation discards a late response and duplicate sends
  ---
  duration_ms: 0.166
  type: 'test'
  ...
# Subtest: Wiki chat retains structured citations, refuses overflow without dropping context and respects Korean IME
ok 321 - Wiki chat retains structured citations, refuses overflow without dropping context and respects Korean IME
  ---
  duration_ms: 1.337791
  type: 'test'
  ...
# Subtest: closed canonical review reopens the same draft without provider or approval replay
ok 322 - closed canonical review reopens the same draft without provider or approval replay
  ---
  duration_ms: 0.971833
  type: 'test'
  ...
# Subtest: changed source cannot reopen an old citation or cached proposal and preserves the old answer
ok 323 - changed source cannot reopen an old citation or cached proposal and preserves the old answer
  ---
  duration_ms: 10.481916
  type: 'test'
  ...
# Subtest: provider format failure retains the question and earlier result until an explicit retry
ok 324 - provider format failure retains the question and earlier result until an explicit retry
  ---
  duration_ms: 0.576458
  type: 'test'
  ...
1..324
# tests 331
# suites 0
# pass 331
# fail 0
# cancelled 0
# skipped 0
# todo 0
# duration_ms 2608.325375
